Archive member included to satisfy reference by file (symbol)

lib/e-Paper/libePaper.a(EPD_2in13_V4.c.o)
                              CMakeFiles/clock.dir/main.c.o (EPD_2in13_V4_Init)
lib/GUI/libGUI.a(GUI_Paint.c.o)
                              CMakeFiles/clock.dir/main.c.o (Paint_NewImage)
lib/Fonts/libFonts.a(font20.c.o)
                              CMakeFiles/clock.dir/main.c.o (Font20)
lib/Fonts/libFonts.a(font24.c.o)
                              CMakeFiles/clock.dir/main.c.o (Font24)
lib/Config/libConfig.a(DEV_Config.c.o)
                              lib/e-Paper/libePaper.a(EPD_2in13_V4.c.o) (DEV_Digital_Write)
/usr/lib/gcc/arm-none-eabi/13.2.1/thumb/v6-m/nofp/libgcc.a(_dvmd_tls.o)
                              CMakeFiles/clock.dir/home/thomas/Documents/Structural/pico/pico-sdk/src/rp2_common/pico_divider/divider_hardware.S.o (__aeabi_idiv0)
/usr/lib/gcc/arm-none-eabi/13.2.1/../../../arm-none-eabi/lib/thumb/v6-m/nofp/libg.a(libc_a-calloc.o)
                              CMakeFiles/clock.dir/home/thomas/Documents/Structural/pico/pico-sdk/src/rp2_common/pico_malloc/malloc.c.o (calloc)
/usr/lib/gcc/arm-none-eabi/13.2.1/../../../arm-none-eabi/lib/thumb/v6-m/nofp/libg.a(libc_a-impure.o)
                              /usr/lib/gcc/arm-none-eabi/13.2.1/../../../arm-none-eabi/lib/thumb/v6-m/nofp/libg.a(libc_a-calloc.o) (_impure_ptr)
/usr/lib/gcc/arm-none-eabi/13.2.1/../../../arm-none-eabi/lib/thumb/v6-m/nofp/libg.a(libc_a-callocr.o)
                              /usr/lib/gcc/arm-none-eabi/13.2.1/../../../arm-none-eabi/lib/thumb/v6-m/nofp/libg.a(libc_a-calloc.o) (_calloc_r)
/usr/lib/gcc/arm-none-eabi/13.2.1/../../../arm-none-eabi/lib/thumb/v6-m/nofp/libg.a(libc_a-realloc.o)
                              CMakeFiles/clock.dir/home/thomas/Documents/Structural/pico/pico-sdk/src/rp2_common/pico_malloc/malloc.c.o (realloc)
/usr/lib/gcc/arm-none-eabi/13.2.1/../../../arm-none-eabi/lib/thumb/v6-m/nofp/libg.a(libc_a-mallocr.o)
                              /usr/lib/gcc/arm-none-eabi/13.2.1/../../../arm-none-eabi/lib/thumb/v6-m/nofp/libg.a(libc_a-callocr.o) (_malloc_r)
/usr/lib/gcc/arm-none-eabi/13.2.1/../../../arm-none-eabi/lib/thumb/v6-m/nofp/libg.a(libc_a-freer.o)
                              /usr/lib/gcc/arm-none-eabi/13.2.1/../../../arm-none-eabi/lib/thumb/v6-m/nofp/libg.a(libc_a-mallocr.o) (_free_r)
/usr/lib/gcc/arm-none-eabi/13.2.1/../../../arm-none-eabi/lib/thumb/v6-m/nofp/libg.a(libc_a-memcmp.o)
                              CMakeFiles/clock.dir/home/thomas/Documents/Structural/pico/pico-sdk/src/rp2_common/pico_atomic/atomic.c.o (memcmp)
/usr/lib/gcc/arm-none-eabi/13.2.1/../../../arm-none-eabi/lib/thumb/v6-m/nofp/libg.a(libc_a-malloc.o)
                              CMakeFiles/clock.dir/home/thomas/Documents/Structural/pico/pico-sdk/src/rp2_common/pico_malloc/malloc.c.o (malloc)
/usr/lib/gcc/arm-none-eabi/13.2.1/../../../arm-none-eabi/lib/thumb/v6-m/nofp/libg.a(libc_a-sysconf.o)
                              /usr/lib/gcc/arm-none-eabi/13.2.1/../../../arm-none-eabi/lib/thumb/v6-m/nofp/libg.a(libc_a-mallocr.o) (sysconf)
/usr/lib/gcc/arm-none-eabi/13.2.1/../../../arm-none-eabi/lib/thumb/v6-m/nofp/libg.a(libc_a-init.o)
                              /usr/lib/gcc/arm-none-eabi/13.2.1/../../../arm-none-eabi/lib/thumb/v6-m/nofp/crt0.o (__libc_init_array)
/usr/lib/gcc/arm-none-eabi/13.2.1/../../../arm-none-eabi/lib/thumb/v6-m/nofp/libg.a(libc_a-reallocr.o)
                              /usr/lib/gcc/arm-none-eabi/13.2.1/../../../arm-none-eabi/lib/thumb/v6-m/nofp/libg.a(libc_a-realloc.o) (_realloc_r)
/usr/lib/gcc/arm-none-eabi/13.2.1/../../../arm-none-eabi/lib/thumb/v6-m/nofp/libg.a(libc_a-mktime.o)
                              CMakeFiles/clock.dir/home/thomas/Documents/Structural/pico/pico-sdk/src/common/pico_util/datetime.c.o (mktime)
/usr/lib/gcc/arm-none-eabi/13.2.1/../../../arm-none-eabi/lib/thumb/v6-m/nofp/libg.a(libc_a-mlock.o)
                              /usr/lib/gcc/arm-none-eabi/13.2.1/../../../arm-none-eabi/lib/thumb/v6-m/nofp/libg.a(libc_a-mallocr.o) (__malloc_lock)
/usr/lib/gcc/arm-none-eabi/13.2.1/../../../arm-none-eabi/lib/thumb/v6-m/nofp/libg.a(libc_a-findfp.o)
                              /usr/lib/gcc/arm-none-eabi/13.2.1/../../../arm-none-eabi/lib/thumb/v6-m/nofp/libg.a(libc_a-impure.o) (__sf)
/usr/lib/gcc/arm-none-eabi/13.2.1/../../../arm-none-eabi/lib/thumb/v6-m/nofp/libg.a(libc_a-tzlock.o)
                              /usr/lib/gcc/arm-none-eabi/13.2.1/../../../arm-none-eabi/lib/thumb/v6-m/nofp/libg.a(libc_a-mktime.o) (__tz_lock)
/usr/lib/gcc/arm-none-eabi/13.2.1/../../../arm-none-eabi/lib/thumb/v6-m/nofp/libg.a(libc_a-atexit.o)
                              /usr/lib/gcc/arm-none-eabi/13.2.1/../../../arm-none-eabi/lib/thumb/v6-m/nofp/crt0.o (atexit)
/usr/lib/gcc/arm-none-eabi/13.2.1/../../../arm-none-eabi/lib/thumb/v6-m/nofp/libg.a(libc_a-lcltime_r.o)
[...]
Memory Configuration

Name             Origin             Length             Attributes
FLASH            0x10000000         0x00200000         xr
RAM              0x20000000         0x00040000         xrw
SCRATCH_X        0x20040000         0x00001000         xrw
SCRATCH_Y        0x20041000         0x00001000         xrw
*default*        0x00000000         0xffffffff

Linker script and memory map

LOAD /usr/lib/gcc/arm-none-eabi/13.2.1/thumb/v6-m/nofp/crti.o
LOAD /usr/lib/gcc/arm-none-eabi/13.2.1/thumb/v6-m/nofp/crtbegin.o
LOAD /usr/lib/gcc/arm-none-eabi/13.2.1/../../../arm-none-eabi/lib/thumb/v6-m/nofp/crt0.o

.flash_begin    0x10000000        0x0
                0x10000000                        __flash_binary_start = .

.boot2          0x10000000      0x100
                0x10000000                        __boot2_start__ = .
 *(.boot2)
 .boot2         0x10000000      0x100 pico-sdk/src/rp2040/boot_stage2/CMakeFiles/bs2_default_library.dir/bs2_default_padded_checksummed.S.o
                0x10000100                        __boot2_end__ = .
                0x00000001                        ASSERT (((__boot2_end__ - __boot2_start__) == 0x100), ERROR: Pico second stage bootloader must be 256 bytes in size)

.text           0x10000100     0x6328
                0x10000100                        __logical_binary_start = .
 *(.vectors)
 .vectors       0x10000100       0xd4 CMakeFiles/clock.dir/home/thomas/Documents/Structural/pico/pico-sdk/src/rp2_common/pico_crt0/crt0.S.o
                0x10000100                __vectors
                0x10000100                __VECTOR_TABLE
                0x100001c0                isr_invalid
                0x100001c0                __default_isrs_start
                0x100001c2                isr_nmi
                0x100001c4                isr_hardfault
                0x100001c6                isr_svcall
                0x100001c8                isr_pendsv
                0x100001ca                isr_systick
                0x100001cc                isr_irq30
                0x100001cc                __unhandled_user_irq
                0x100001cc                isr_irq13
                0x100001cc                isr_irq27
                0x100001cc                isr_irq31
                0x100001cc                isr_irq5
                0x100001cc                isr_irq11
                0x100001cc                isr_irq23
                0x100001cc                isr_irq18
                0x100001cc                isr_irq28
                0x100001cc                isr_irq19
                0x100001cc                isr_irq0
                0x100001cc                isr_irq6
                0x100001cc                isr_irq22
                0x100001cc                isr_irq17
                0x100001cc                isr_irq14
                0x100001cc                isr_irq2
                0x100001cc                isr_irq10
                0x100001cc                isr_irq8
                0x100001cc                isr_irq24
                0x100001cc                isr_irq1
                0x100001cc                isr_irq7
                0x100001cc                isr_irq21
                0x100001cc                isr_irq20
                0x100001cc                isr_irq15
                0x100001cc                isr_irq25
                0x100001cc                isr_irq4
                0x100001cc                isr_irq16
                0x100001cc                isr_irq29
                0x100001cc                isr_irq26
                0x100001cc                __default_isrs_end
                0x100001cc                isr_irq3
                0x100001cc                isr_irq12
                0x100001cc                isr_irq9
                0x100001d2                unhandled_user_irq_num_in_r0
 *(.binary_info_header)
 .binary_info_header
                0x100001d4       0x14 CMakeFiles/clock.dir/home/thomas/Documents/Structural/pico/pico-sdk/src/rp2_common/pico_crt0/crt0.S.o
                0x100001e8                        __binary_info_header_end = .
 *(.embedded_block)
                0x100001e8                        __embedded_block_end = .
 *(.reset)
 .reset         0x100001e8       0x9c CMakeFiles/clock.dir/home/thomas/Documents/Structural/pico/pico-sdk/src/rp2_common/pico_crt0/crt0.S.o
                0x100001e8                _entry_point
 *(.init)
 .init          0x10000284        0x4 /usr/lib/gcc/arm-none-eabi/13.2.1/thumb/v6-m/nofp/crti.o
                0x10000284                _init
 *(EXCLUDE_FILE(*libm.a: *libc.a:*lib_a-mem*.o *libgcc.a:) .text*)
 .text          0x10000288       0x98 /usr/lib/gcc/arm-none-eabi/13.2.1/thumb/v6-m/nofp/crtbegin.o
 .text.EPD_2in13_V4_test.part.0
                0x10000320       0xd8 CMakeFiles/clock.dir/main.c.o
 .text.startup.main
                0x100003f8       0x14 CMakeFiles/clock.dir/main.c.o
                0x100003f8                main
 .text.gpio_set_function
                0x1000040c       0x34 CMakeFiles/clock.dir/home/thomas/Documents/Structural/pico/pico-sdk/src/rp2_common/hardware_gpio/gpio.c.o
                0x1000040c                gpio_set_function
 .text.gpio_init
                0x10000440       0x40 CMakeFiles/clock.dir/home/thomas/Documents/Structural/pico/pico-sdk/src/rp2_common/hardware_gpio/gpio.c.o
                0x10000440                gpio_init
 .text.rp2040_chip_version
                0x10000480        0xc CMakeFiles/clock.dir/home/thomas/Documents/Structural/pico/pico-sdk/src/rp2040/pico_platform/platform.c.o
                0x10000480                rp2040_chip_version
 .text.panic    0x1000048c       0x30 CMakeFiles/clock.dir/home/thomas/Documents/Structural/pico/pico-sdk/src/rp2_common/pico_platform_panic/panic.c.o
                0x1000048c                panic
 .text.hw_claim_or_assert
                0x100004bc       0x44 CMakeFiles/clock.dir/home/thomas/Documents/Structural/pico/pico-sdk/src/common/hardware_claim/claim.c.o
                0x100004bc                hw_claim_or_assert
 .text.hw_claim_unused_from_range
                0x10000500       0x9c CMakeFiles/clock.dir/home/thomas/Documents/Structural/pico/pico-sdk/src/common/hardware_claim/claim.c.o
                0x10000500                hw_claim_unused_from_range
 .text.next_striped_spin_lock_num
                0x1000059c       0x18 CMakeFiles/clock.dir/home/thomas/Documents/Structural/pico/pico-sdk/src/rp2_common/hardware_sync/sync.c.o
                0x1000059c                next_striped_spin_lock_num
 .text.spin_lock_claim_unused
                0x100005b4       0x24 CMakeFiles/clock.dir/home/thomas/Documents/Structural/pico/pico-sdk/src/rp2_common/hardware_sync/sync.c.o
                0x100005b4                spin_lock_claim_unused
 .text.spin_locks_reset
                0x100005d8       0x1c CMakeFiles/clock.dir/home/thomas/Documents/Structural/pico/pico-sdk/src/rp2_common/hardware_sync_spin_lock/sync_spin_lock.c.o
                0x100005d8                spin_locks_reset
 .text.runtime_init_per_core_irq_priorities
                0x100005f4       0x24 CMakeFiles/clock.dir/home/thomas/Documents/Structural/pico/pico-sdk/src/rp2_common/hardware_irq/irq.c.o
                0x100005f4                runtime_init_per_core_irq_priorities
 .text.irq_set_enabled
                0x10000618       0x24 CMakeFiles/clock.dir/home/thomas/Documents/Structural/pico/pico-sdk/src/rp2_common/hardware_irq/irq.c.o
                0x10000618                irq_set_enabled
 .text.irq_is_enabled
                0x1000063c       0x18 CMakeFiles/clock.dir/home/thomas/Documents/Structural/pico/pico-sdk/src/rp2_common/hardware_irq/irq.c.o
                0x1000063c                irq_is_enabled
 .text.irq_set_pending
                0x10000654       0x10 CMakeFiles/clock.dir/home/thomas/Documents/Structural/pico/pico-sdk/src/rp2_common/hardware_irq/irq.c.o
                0x10000654                irq_set_pending
 .text.irq_has_shared_handler
                0x10000664       0x2c CMakeFiles/clock.dir/home/thomas/Documents/Structural/pico/pico-sdk/src/rp2_common/hardware_irq/irq.c.o
                0x10000664                irq_has_shared_handler
 .text.irq_set_exclusive_handler
                0x10000690       0x54 CMakeFiles/clock.dir/home/thomas/Documents/Structural/pico/pico-sdk/src/rp2_common/hardware_irq/irq.c.o
                0x10000690                irq_set_exclusive_handler
 .text.irq_add_shared_handler
                0x100006e4      0x1f4 CMakeFiles/clock.dir/home/thomas/Documents/Structural/pico/pico-sdk/src/rp2_common/hardware_irq/irq.c.o
                0x100006e4                irq_add_shared_handler
 .text.irq_add_tail_to_free_list
                0x100008d8       0xb4 CMakeFiles/clock.dir/home/thomas/Documents/Structural/pico/pico-sdk/src/rp2_common/hardware_irq/irq.c.o
                0x100008d8                irq_add_tail_to_free_list
 .text.user_irq_claim_unused
                0x1000098c       0x2c CMakeFiles/clock.dir/home/thomas/Documents/Structural/pico/pico-sdk/src/rp2_common/hardware_irq/irq.c.o
                0x1000098c                user_irq_claim_unused
 .text.lock_init
                0x100009b8       0x10 CMakeFiles/clock.dir/home/thomas/Documents/Structural/pico/pico-sdk/src/common/pico_sync/lock_core.c.o
                0x100009b8                lock_init
 .text.runtime_init_mutex
                0x100009c8       0x50 CMakeFiles/clock.dir/home/thomas/Documents/Structural/pico/pico-sdk/src/common/pico_sync/mutex.c.o
                0x100009c8                runtime_init_mutex
 .text.mutex_init
                0x10000a18       0x1c CMakeFiles/clock.dir/home/thomas/Documents/Structural/pico/pico-sdk/src/common/pico_sync/mutex.c.o
                0x10000a18                mutex_init
 .text.critical_section_init
                0x10000a34       0x1c CMakeFiles/clock.dir/home/thomas/Documents/Structural/pico/pico-sdk/src/common/pico_sync/critical_section.c.o
                0x10000a34                critical_section_init
 .text.critical_section_init_with_lock_num
                0x10000a50       0x14 CMakeFiles/clock.dir/home/thomas/Documents/Structural/pico/pico-sdk/src/common/pico_sync/critical_section.c.o
                0x10000a50                critical_section_init_with_lock_num
 .text.sleep_until_callback
                0x10000a64       0x30 CMakeFiles/clock.dir/home/thomas/Documents/Structural/pico/pico-sdk/src/common/pico_time/time.c.o
 .text.alarm_pool_irq_handler
                0x10000a94      0x2fc CMakeFiles/clock.dir/home/thomas/Documents/Structural/pico/pico-sdk/src/common/pico_time/time.c.o
 .text.runtime_init_default_alarm_pool
                0x10000d90       0xdc CMakeFiles/clock.dir/home/thomas/Documents/Structural/pico/pico-sdk/src/common/pico_time/time.c.o
                0x10000d90                runtime_init_default_alarm_pool
 .text.alarm_pool_get_default
                0x10000e6c        0x8 CMakeFiles/clock.dir/home/thomas/Documents/Structural/pico/pico-sdk/src/common/pico_time/time.c.o
                0x10000e6c                alarm_pool_get_default
 .text.alarm_pool_add_alarm_at
                0x10000e74       0xd4 CMakeFiles/clock.dir/home/thomas/Documents/Structural/pico/pico-sdk/src/common/pico_time/time.c.o
                0x10000e74                alarm_pool_add_alarm_at
 .text.alarm_pool_add_alarm_at_force_in_context
                0x10000f48       0xb0 CMakeFiles/clock.dir/home/thomas/Documents/Structural/pico/pico-sdk/src/common/pico_time/time.c.o
                0x10000f48                alarm_pool_add_alarm_at_force_in_context
 .text.alarm_pool_cancel_alarm
                0x10000ff8       0x74 CMakeFiles/clock.dir/home/thomas/Documents/Structural/pico/pico-sdk/src/common/pico_time/time.c.o
                0x10000ff8                alarm_pool_cancel_alarm
 .text.alarm_pool_core_num
                0x1000106c        0x4 CMakeFiles/clock.dir/home/thomas/Documents/Structural/pico/pico-sdk/src/common/pico_time/time.c.o
                0x1000106c                alarm_pool_core_num
 .text.sleep_until
                0x10001070       0xd8 CMakeFiles/clock.dir/home/thomas/Documents/Structural/pico/pico-sdk/src/common/pico_time/time.c.o
                0x10001070                sleep_until
 .text.sleep_ms
                0x10001148       0x38 CMakeFiles/clock.dir/home/thomas/Documents/Structural/pico/pico-sdk/src/common/pico_time/time.c.o
                0x10001148                sleep_ms
 .text.best_effort_wfe_or_timeout
                0x10001180       0xe0 CMakeFiles/clock.dir/home/thomas/Documents/Structural/pico/pico-sdk/src/common/pico_time/time.c.o
                0x10001180                best_effort_wfe_or_timeout
 .text.timer_hardware_alarm_claim
                0x10001260       0x14 CMakeFiles/clock.dir/home/thomas/Documents/Structural/pico/pico-sdk/src/rp2_common/hardware_timer/timer.c.o
                0x10001260                timer_hardware_alarm_claim
 .text.timer_time_us_64
                0x10001274       0x10 CMakeFiles/clock.dir/home/thomas/Documents/Structural/pico/pico-sdk/src/rp2_common/hardware_timer/timer.c.o
                0x10001274                timer_time_us_64
 .text.time_us_64
                0x10001284       0x14 CMakeFiles/clock.dir/home/thomas/Documents/Structural/pico/pico-sdk/src/rp2_common/hardware_timer/timer.c.o
                0x10001284                time_us_64
 .text.busy_wait_until
                0x10001298       0x20 CMakeFiles/clock.dir/home/thomas/Documents/Structural/pico/pico-sdk/src/rp2_common/hardware_timer/timer.c.o
                0x10001298                busy_wait_until
 .text.clock_configure_int_divider
                0x100012b8       0xf4 CMakeFiles/clock.dir/home/thomas/Documents/Structural/pico/pico-sdk/src/rp2_common/hardware_clocks/clocks.c.o
                0x100012b8                clock_configure_int_divider
 .text.clock_configure_undivided
                0x100013ac       0xe8 CMakeFiles/clock.dir/home/thomas/Documents/Structural/pico/pico-sdk/src/rp2_common/hardware_clocks/clocks.c.o
                0x100013ac                clock_configure_undivided
 .text.clock_get_hz
                0x10001494        0xc CMakeFiles/clock.dir/home/thomas/Documents/Structural/pico/pico-sdk/src/rp2_common/hardware_clocks/clocks.c.o
                0x10001494                clock_get_hz
 .text.pll_init
                0x100014a0       0xa4 CMakeFiles/clock.dir/home/thomas/Documents/Structural/pico/pico-sdk/src/rp2_common/hardware_pll/pll.c.o
                0x100014a0                pll_init
 .text.watchdog_reboot
                0x10001544       0x9c CMakeFiles/clock.dir/home/thomas/Documents/Structural/pico/pico-sdk/src/rp2_common/hardware_watchdog/watchdog.c.o
                0x10001544                watchdog_reboot
 .text.tick_start
                0x100015e0       0x10 CMakeFiles/clock.dir/home/thomas/Documents/Structural/pico/pico-sdk/src/rp2_common/hardware_ticks/ticks.c.o
                0x100015e0                tick_start
 .text.rom_func_lookup
                0x100015f0       0x10 CMakeFiles/clock.dir/home/thomas/Documents/Structural/pico/pico-sdk/src/rp2_common/pico_bootrom/bootrom.c.o
                0x100015f0                rom_func_lookup
 .text.rom_data_lookup
                0x10001600       0x10 CMakeFiles/clock.dir/home/thomas/Documents/Structural/pico/pico-sdk/src/rp2_common/pico_bootrom/bootrom.c.o
                0x10001600                rom_data_lookup
 .text.rom_funcs_lookup
                0x10001610       0x44 CMakeFiles/clock.dir/home/thomas/Documents/Structural/pico/pico-sdk/src/rp2_common/pico_bootrom/bootrom.c.o
                0x10001610                rom_funcs_lookup
 .text.rom_reset_usb_boot_extra
                0x10001654       0x28 CMakeFiles/clock.dir/home/thomas/Documents/Structural/pico/pico-sdk/src/rp2_common/pico_bootrom/bootrom.c.o
                0x10001654                rom_reset_usb_boot_extra
 .text.xosc_init
                0x1000167c       0x28 CMakeFiles/clock.dir/home/thomas/Documents/Structural/pico/pico-sdk/src/rp2_common/hardware_xosc/xosc.c.o
                0x1000167c                xosc_init
 .text.first_per_core_initializer
                0x100016a4        0x4 CMakeFiles/clock.dir/home/thomas/Documents/Structural/pico/pico-sdk/src/rp2_common/pico_runtime/runtime.c.o
 .text.hard_assertion_failure
                0x100016a8        0xc CMakeFiles/clock.dir/home/thomas/Documents/Structural/pico/pico-sdk/src/rp2_common/pico_runtime/runtime.c.o
                0x100016a8                hard_assertion_failure
 .text.runtime_run_initializers
                0x100016b4       0x28 CMakeFiles/clock.dir/home/thomas/Documents/Structural/pico/pico-sdk/src/rp2_common/pico_runtime/runtime.c.o
                0x100016b4                runtime_run_initializers
 .text.runtime_init_early_resets
                0x100016dc       0x2c CMakeFiles/clock.dir/home/thomas/Documents/Structural/pico/pico-sdk/src/rp2_common/pico_runtime_init/runtime_init.c.o
                0x100016dc                runtime_init_early_resets
 .text.runtime_init_usb_power_down
                0x10001708       0x1c CMakeFiles/clock.dir/home/thomas/Documents/Structural/pico/pico-sdk/src/rp2_common/pico_runtime_init/runtime_init.c.o
                0x10001708                runtime_init_usb_power_down
 .text.runtime_init_post_clock_resets
                0x10001724       0x20 CMakeFiles/clock.dir/home/thomas/Documents/Structural/pico/pico-sdk/src/rp2_common/pico_runtime_init/runtime_init.c.o
                0x10001724                runtime_init_post_clock_resets
 .text.runtime_init_rp2040_gpio_ie_disable
                0x10001744       0x14 CMakeFiles/clock.dir/home/thomas/Documents/Structural/pico/pico-sdk/src/rp2_common/pico_runtime_init/runtime_init.c.o
                0x10001744                runtime_init_rp2040_gpio_ie_disable
 .text.runtime_init_spin_locks_reset
                0x10001758        0x8 CMakeFiles/clock.dir/home/thomas/Documents/Structural/pico/pico-sdk/src/rp2_common/pico_runtime_init/runtime_init.c.o
                0x10001758                runtime_init_spin_locks_reset
 .text.runtime_init_install_ram_vector_table
                0x10001760       0x1c CMakeFiles/clock.dir/home/thomas/Documents/Structural/pico/pico-sdk/src/rp2_common/pico_runtime_init/runtime_init.c.o
                0x10001760                runtime_init_install_ram_vector_table
 .text.runtime_init_clocks
                0x1000177c       0xd8 CMakeFiles/clock.dir/home/thomas/Documents/Structural/pico/pico-sdk/src/rp2_common/pico_runtime_init/runtime_init_clocks.c.o
                0x1000177c                runtime_init_clocks
 .text          0x10001854       0x10 CMakeFiles/clock.dir/home/thomas/Documents/Structural/pico/pico-sdk/src/rp2_common/pico_bit_ops/bit_ops_aeabi.S.o
 .text.__wrap___aeabi_uidiv
                0x10001864       0x4c CMakeFiles/clock.dir/home/thomas/Documents/Structural/pico/pico-sdk/src/rp2_common/pico_divider/divider_hardware.S.o
                0x10001864                __wrap___aeabi_uidiv
                0x10001864                __wrap___aeabi_uidivmod
                0x10001864                div_u32u32
                0x10001864                divmod_u32u32
                0x1000186c                divmod_u32u32_unsafe
                0x10001894                divmod_u32u32_savestate
 .text.__aeabi_double_init
                0x100018b0       0xa4 CMakeFiles/clock.dir/home/thomas/Documents/Structural/pico/pico-sdk/src/rp2_common/pico_double/double_init_rom_rp2040.c.o
                0x100018b0                __aeabi_double_init
 .text.double_table_shim_on_use_helper
                0x10001954       0x2c CMakeFiles/clock.dir/home/thomas/Documents/Structural/pico/pico-sdk/src/rp2_common/pico_double/double_v1_rom_shim_rp2040.S.o
                0x10001954                double_table_shim_on_use_helper
 .text.__aeabi_lmul
                0x10001980       0x32 CMakeFiles/clock.dir/home/thomas/Documents/Structural/pico/pico-sdk/src/rp2_common/pico_int64_ops/pico_int64_ops_aeabi.S.o
                0x10001980                __wrap___aeabi_lmul
 *fill*         0x100019b2        0x2 
 .text.__aeabi_float_init
                0x100019b4       0x64 CMakeFiles/clock.dir/home/thomas/Documents/Structural/pico/pico-sdk/src/rp2_common/pico_float/float_init_rom_rp2040.c.o
                0x100019b4                __aeabi_float_init
 .text.float_table_shim_on_use_helper
                0x10001a18       0x2c CMakeFiles/clock.dir/home/thomas/Documents/Structural/pico/pico-sdk/src/rp2_common/pico_float/float_v1_rom_shim_rp2040.S.o
                0x10001a18                float_table_shim_on_use_helper
 .text.__wrap_malloc
                0x10001a44       0x24 CMakeFiles/clock.dir/home/thomas/Documents/Structural/pico/pico-sdk/src/rp2_common/pico_malloc/malloc.c.o
                0x10001a44                __wrap_malloc
 .text          0x10001a68       0x10 CMakeFiles/clock.dir/home/thomas/Documents/Structural/pico/pico-sdk/src/rp2_common/pico_mem_ops/mem_ops_aeabi.S.o
                0x10001a68                __aeabi_mem_init
 .text.memset   0x10001a78        0xc CMakeFiles/clock.dir/home/thomas/Documents/Structural/pico/pico-sdk/src/rp2_common/pico_mem_ops/mem_ops_aeabi.S.o
                0x10001a78                __wrap_memset
 .text.memcpy   0x10001a84        0xc CMakeFiles/clock.dir/home/thomas/Documents/Structural/pico/pico-sdk/src/rp2_common/pico_mem_ops/mem_ops_aeabi.S.o
                0x10001a84                __wrap___aeabi_memcpy
                0x10001a84                __wrap_memcpy
 .text._out_char
                0x10001a90       0x10 CMakeFiles/clock.dir/home/thomas/Documents/Structural/pico/pico-sdk/src/rp2_common/pico_printf/printf.c.o
 .text.weak_raw_vprintf
                0x10001aa0       0x30 CMakeFiles/clock.dir/home/thomas/Documents/Structural/pico/pico-sdk/src/rp2_common/pico_printf/printf.c.o
                0x10001aa0                weak_raw_vprintf
 .text._exit    0x10001ad0        0x4 CMakeFiles/clock.dir/home/thomas/Documents/Structural/pico/pico-sdk/src/rp2_common/pico_clib_interface/newlib_interface.c.o
                0x10001ad0                _exit
 .text._sbrk    0x10001ad4       0x34 CMakeFiles/clock.dir/home/thomas/Documents/Structural/pico/pico-sdk/src/rp2_common/pico_clib_interface/newlib_interface.c.o
                0x10001ad4                _sbrk
 .text.exit     0x10001b08        0x8 CMakeFiles/clock.dir/home/thomas/Documents/Structural/pico/pico-sdk/src/rp2_common/pico_clib_interface/newlib_interface.c.o
                0x10001b08                exit
 .text.runtime_init
                0x10001b10       0x2c CMakeFiles/clock.dir/home/thomas/Documents/Structural/pico/pico-sdk/src/rp2_common/pico_clib_interface/newlib_interface.c.o
                0x10001b10                runtime_init
 .text.stdio_out_chars_no_crlf
                0x10001b3c       0x10 CMakeFiles/clock.dir/home/thomas/Documents/Structural/pico/pico-sdk/src/rp2_common/pico_stdio/stdio.c.o
 .text.stdio_out_chars_crlf
                0x10001b4c       0x94 CMakeFiles/clock.dir/home/thomas/Documents/Structural/pico/pico-sdk/src/rp2_common/pico_stdio/stdio.c.o
 .text.stdio_put_string
                0x10001be0      0x100 CMakeFiles/clock.dir/home/thomas/Documents/Structural/pico/pico-sdk/src/rp2_common/pico_stdio/stdio.c.o
                0x10001be0                stdio_put_string
 .text.stdio_set_driver_enabled
                0x10001ce0       0x30 CMakeFiles/clock.dir/home/thomas/Documents/Structural/pico/pico-sdk/src/rp2_common/pico_stdio/stdio.c.o
                0x10001ce0                stdio_set_driver_enabled
 .text.stdio_init_all
                0x10001d10        0x8 CMakeFiles/clock.dir/home/thomas/Documents/Structural/pico/pico-sdk/src/rp2_common/pico_stdio/stdio.c.o
                0x10001d10                stdio_init_all
 .text.__wrap_putchar
                0x10001d18       0x98 CMakeFiles/clock.dir/home/thomas/Documents/Structural/pico/pico-sdk/src/rp2_common/pico_stdio/stdio.c.o
                0x10001d18                stdio_putchar
                0x10001d18                __wrap_putchar
 .text.__wrap_puts
                0x10001db0       0x3c CMakeFiles/clock.dir/home/thomas/Documents/Structural/pico/pico-sdk/src/rp2_common/pico_stdio/stdio.c.o
                0x10001db0                __wrap_puts
                0x10001db0                stdio_puts
 .text.resetd_init
                0x10001dec        0x4 CMakeFiles/clock.dir/home/thomas/Documents/Structural/pico/pico-sdk/src/rp2_common/pico_stdio_usb/reset_interface.c.o
 .text.resetd_reset
                0x10001df0        0xc CMakeFiles/clock.dir/home/thomas/Documents/Structural/pico/pico-sdk/src/rp2_common/pico_stdio_usb/reset_interface.c.o
 .text.resetd_open
                0x10001dfc       0x28 CMakeFiles/clock.dir/home/thomas/Documents/Structural/pico/pico-sdk/src/rp2_common/pico_stdio_usb/reset_interface.c.o
 .text.resetd_xfer_cb
                0x10001e24        0x4 CMakeFiles/clock.dir/home/thomas/Documents/Structural/pico/pico-sdk/src/rp2_common/pico_stdio_usb/reset_interface.c.o
 .text.resetd_control_xfer_cb
                0x10001e28       0x5c CMakeFiles/clock.dir/home/thomas/Documents/Structural/pico/pico-sdk/src/rp2_common/pico_stdio_usb/reset_interface.c.o
 .text.tud_descriptor_bos_cb
                0x10001e84        0x8 CMakeFiles/clock.dir/home/thomas/Documents/Structural/pico/pico-sdk/src/rp2_common/pico_stdio_usb/reset_interface.c.o
                0x10001e84                tud_descriptor_bos_cb
 .text.tud_vendor_control_xfer_cb
                0x10001e8c       0x34 CMakeFiles/clock.dir/home/thomas/Documents/Structural/pico/pico-sdk/src/rp2_common/pico_stdio_usb/reset_interface.c.o
                0x10001e8c                tud_vendor_control_xfer_cb
 .text.usbd_app_driver_get_cb
                0x10001ec0        0xc CMakeFiles/clock.dir/home/thomas/Documents/Structural/pico/pico-sdk/src/rp2_common/pico_stdio_usb/reset_interface.c.o
                0x10001ec0                usbd_app_driver_get_cb
 .text.tud_cdc_line_coding_cb
                0x10001ecc       0x2c CMakeFiles/clock.dir/home/thomas/Documents/Structural/pico/pico-sdk/src/rp2_common/pico_stdio_usb/reset_interface.c.o
                0x10001ecc                tud_cdc_line_coding_cb
 .text.stdio_usb_set_chars_available_callback
                0x10001ef8       0x14 CMakeFiles/clock.dir/home/thomas/Documents/Structural/pico/pico-sdk/src/rp2_common/pico_stdio_usb/stdio_usb.c.o
                0x10001ef8                stdio_usb_set_chars_available_callback
 .text.usb_irq  0x10001f0c       0x10 CMakeFiles/clock.dir/home/thomas/Documents/Structural/pico/pico-sdk/src/rp2_common/pico_stdio_usb/stdio_usb.c.o
 .text.timer_task
                0x10001f1c       0x64 CMakeFiles/clock.dir/home/thomas/Documents/Structural/pico/pico-sdk/src/rp2_common/pico_stdio_usb/stdio_usb.c.o
 .text.stdio_usb_in_chars
                0x10001f80       0x90 CMakeFiles/clock.dir/home/thomas/Documents/Structural/pico/pico-sdk/src/rp2_common/pico_stdio_usb/stdio_usb.c.o
                0x10001f80                stdio_usb_in_chars
 .text.stdio_usb_out_flush
                0x10002010       0x50 CMakeFiles/clock.dir/home/thomas/Documents/Structural/pico/pico-sdk/src/rp2_common/pico_stdio_usb/stdio_usb.c.o
 .text.stdio_usb_out_chars
                0x10002060      0x104 CMakeFiles/clock.dir/home/thomas/Documents/Structural/pico/pico-sdk/src/rp2_common/pico_stdio_usb/stdio_usb.c.o
 .text.low_priority_worker_irq
                0x10002164       0xcc CMakeFiles/clock.dir/home/thomas/Documents/Structural/pico/pico-sdk/src/rp2_common/pico_stdio_usb/stdio_usb.c.o
 .text.stdio_usb_init
                0x10002230       0xe8 CMakeFiles/clock.dir/home/thomas/Documents/Structural/pico/pico-sdk/src/rp2_common/pico_stdio_usb/stdio_usb.c.o
                0x10002230                stdio_usb_init
 .text.tud_descriptor_device_cb
                0x10002318        0x8 CMakeFiles/clock.dir/home/thomas/Documents/Structural/pico/pico-sdk/src/rp2_common/pico_stdio_usb/stdio_usb_descriptors.c.o
                0x10002318                tud_descriptor_device_cb
 .text.tud_descriptor_configuration_cb
                0x10002320        0x8 CMakeFiles/clock.dir/home/thomas/Documents/Structural/pico/pico-sdk/src/rp2_common/pico_stdio_usb/stdio_usb_descriptors.c.o
                0x10002320                tud_descriptor_configuration_cb
 .text.tud_descriptor_string_cb
                0x10002328       0x78 CMakeFiles/clock.dir/home/thomas/Documents/Structural/pico/pico-sdk/src/rp2_common/pico_stdio_usb/stdio_usb_descriptors.c.o
                0x10002328                tud_descriptor_string_cb
 .text.startup._retrieve_unique_id_on_boot
                0x100023a0       0x10 CMakeFiles/clock.dir/home/thomas/Documents/Structural/pico/pico-sdk/src/rp2_common/pico_unique_id/unique_id.c.o
 .text.pico_get_unique_board_id_string
                0x100023b0      0x1a8 CMakeFiles/clock.dir/home/thomas/Documents/Structural/pico/pico-sdk/src/rp2_common/pico_unique_id/unique_id.c.o
                0x100023b0                pico_get_unique_board_id_string
 .text.flash_get_unique_id
                0x10002558       0x3c CMakeFiles/clock.dir/home/thomas/Documents/Structural/pico/pico-sdk/src/rp2_common/hardware_flash/flash.c.o
                0x10002558                flash_get_unique_id
 .text.dcd_init
                0x10002594       0x8c CMakeFiles/clock.dir/home/thomas/Documents/Structural/pico/pico-sdk/lib/tinyusb/src/portable/raspberrypi/rp2040/dcd_rp2040.c.o
                0x10002594                dcd_init
 .text.dcd_int_enable
                0x10002620        0xc CMakeFiles/clock.dir/home/thomas/Documents/Structural/pico/pico-sdk/lib/tinyusb/src/portable/raspberrypi/rp2040/dcd_rp2040.c.o
                0x10002620                dcd_int_enable
 .text.dcd_set_address
                0x1000262c       0x14 CMakeFiles/clock.dir/home/thomas/Documents/Structural/pico/pico-sdk/lib/tinyusb/src/portable/raspberrypi/rp2040/dcd_rp2040.c.o
                0x1000262c                dcd_set_address
 .text.dcd_sof_enable
                0x10002640       0x1c CMakeFiles/clock.dir/home/thomas/Documents/Structural/pico/pico-sdk/lib/tinyusb/src/portable/raspberrypi/rp2040/dcd_rp2040.c.o
                0x10002640                dcd_sof_enable
 .text.dcd_edpt0_status_complete
                0x1000265c       0x1c CMakeFiles/clock.dir/home/thomas/Documents/Structural/pico/pico-sdk/lib/tinyusb/src/portable/raspberrypi/rp2040/dcd_rp2040.c.o
                0x1000265c                dcd_edpt0_status_complete
 .text.dcd_edpt_open
                0x10002678      0x108 CMakeFiles/clock.dir/home/thomas/Documents/Structural/pico/pico-sdk/lib/tinyusb/src/portable/raspberrypi/rp2040/dcd_rp2040.c.o
                0x10002678                dcd_edpt_open
 .text.dcd_edpt_close_all
                0x10002780        0x8 CMakeFiles/clock.dir/home/thomas/Documents/Structural/pico/pico-sdk/lib/tinyusb/src/portable/raspberrypi/rp2040/dcd_rp2040.c.o
                0x10002780                dcd_edpt_close_all
 .text.dcd_edpt_xfer
                0x10002788       0x24 CMakeFiles/clock.dir/home/thomas/Documents/Structural/pico/pico-sdk/lib/tinyusb/src/portable/raspberrypi/rp2040/dcd_rp2040.c.o
                0x10002788                dcd_edpt_xfer
 .text.dcd_edpt_stall
                0x100027ac       0x34 CMakeFiles/clock.dir/home/thomas/Documents/Structural/pico/pico-sdk/lib/tinyusb/src/portable/raspberrypi/rp2040/dcd_rp2040.c.o
                0x100027ac                dcd_edpt_stall
 .text.dcd_edpt_clear_stall
                0x100027e0       0x30 CMakeFiles/clock.dir/home/thomas/Documents/Structural/pico/pico-sdk/lib/tinyusb/src/portable/raspberrypi/rp2040/dcd_rp2040.c.o
                0x100027e0                dcd_edpt_clear_stall
 .text.rp2040_usb_init
                0x10002810       0x40 CMakeFiles/clock.dir/home/thomas/Documents/Structural/pico/pico-sdk/lib/tinyusb/src/portable/raspberrypi/rp2040/rp2040_usb.c.o
                0x10002810                rp2040_usb_init
 .text.hw_endpoint_xfer_start
                0x10002850       0x40 CMakeFiles/clock.dir/home/thomas/Documents/Structural/pico/pico-sdk/lib/tinyusb/src/portable/raspberrypi/rp2040/rp2040_usb.c.o
                0x10002850                hw_endpoint_xfer_start
 .text.tud_event_hook_cb
                0x10002890        0x4 CMakeFiles/clock.dir/home/thomas/Documents/Structural/pico/pico-sdk/lib/tinyusb/src/device/usbd.c.o
                0x10002890                tud_event_hook_cb
 .text.tud_sof_cb
                0x10002894        0x4 CMakeFiles/clock.dir/home/thomas/Documents/Structural/pico/pico-sdk/lib/tinyusb/src/device/usbd.c.o
                0x10002894                tud_sof_cb
 .text.tud_descriptor_device_qualifier_cb
                0x10002898        0x4 CMakeFiles/clock.dir/home/thomas/Documents/Structural/pico/pico-sdk/lib/tinyusb/src/device/usbd.c.o
                0x10002898                tud_descriptor_device_qualifier_cb
 .text.tud_descriptor_other_speed_configuration_cb
                0x1000289c        0x4 CMakeFiles/clock.dir/home/thomas/Documents/Structural/pico/pico-sdk/lib/tinyusb/src/device/usbd.c.o
                0x1000289c                tud_descriptor_other_speed_configuration_cb
 .text.tud_mount_cb
                0x100028a0        0x4 CMakeFiles/clock.dir/home/thomas/Documents/Structural/pico/pico-sdk/lib/tinyusb/src/device/usbd.c.o
                0x100028a0                tud_mount_cb
 .text.tud_umount_cb
                0x100028a4        0x4 CMakeFiles/clock.dir/home/thomas/Documents/Structural/pico/pico-sdk/lib/tinyusb/src/device/usbd.c.o
                0x100028a4                tud_umount_cb
 .text.tud_suspend_cb
                0x100028a8        0x4 CMakeFiles/clock.dir/home/thomas/Documents/Structural/pico/pico-sdk/lib/tinyusb/src/device/usbd.c.o
                0x100028a8                tud_suspend_cb
 .text.tud_resume_cb
                0x100028ac        0x4 CMakeFiles/clock.dir/home/thomas/Documents/Structural/pico/pico-sdk/lib/tinyusb/src/device/usbd.c.o
                0x100028ac                tud_resume_cb
 .text.tud_mounted
                0x100028b0       0x10 CMakeFiles/clock.dir/home/thomas/Documents/Structural/pico/pico-sdk/lib/tinyusb/src/device/usbd.c.o
                0x100028b0                tud_mounted
 .text.tud_suspended
                0x100028c0       0x10 CMakeFiles/clock.dir/home/thomas/Documents/Structural/pico/pico-sdk/lib/tinyusb/src/device/usbd.c.o
                0x100028c0                tud_suspended
 .text.tud_init
                0x100028d0       0xe4 CMakeFiles/clock.dir/home/thomas/Documents/Structural/pico/pico-sdk/lib/tinyusb/src/device/usbd.c.o
                0x100028d0                tud_init
 .text.tud_task_ext
                0x100029b4      0x800 CMakeFiles/clock.dir/home/thomas/Documents/Structural/pico/pico-sdk/lib/tinyusb/src/device/usbd.c.o
                0x100029b4                tud_task_ext
 .text.usbd_open_edpt_pair
                0x100031b4       0x9c CMakeFiles/clock.dir/home/thomas/Documents/Structural/pico/pico-sdk/lib/tinyusb/src/device/usbd.c.o
                0x100031b4                usbd_open_edpt_pair
 .text.usbd_edpt_open
                0x10003250       0x34 CMakeFiles/clock.dir/home/thomas/Documents/Structural/pico/pico-sdk/lib/tinyusb/src/device/usbd.c.o
                0x10003250                usbd_edpt_open
 .text.usbd_edpt_claim
                0x10003284       0x28 CMakeFiles/clock.dir/home/thomas/Documents/Structural/pico/pico-sdk/lib/tinyusb/src/device/usbd.c.o
                0x10003284                usbd_edpt_claim
 .text.usbd_edpt_release
                0x100032ac       0x28 CMakeFiles/clock.dir/home/thomas/Documents/Structural/pico/pico-sdk/lib/tinyusb/src/device/usbd.c.o
                0x100032ac                usbd_edpt_release
 .text.usbd_edpt_xfer
                0x100032d4       0x4c CMakeFiles/clock.dir/home/thomas/Documents/Structural/pico/pico-sdk/lib/tinyusb/src/device/usbd.c.o
                0x100032d4                usbd_edpt_xfer
 .text.tud_control_status
                0x10003320       0x2c CMakeFiles/clock.dir/home/thomas/Documents/Structural/pico/pico-sdk/lib/tinyusb/src/device/usbd_control.c.o
                0x10003320                tud_control_status
 .text.tud_control_xfer
                0x1000334c       0xac CMakeFiles/clock.dir/home/thomas/Documents/Structural/pico/pico-sdk/lib/tinyusb/src/device/usbd_control.c.o
                0x1000334c                tud_control_xfer
 .text.usbd_control_reset
                0x100033f8       0x14 CMakeFiles/clock.dir/home/thomas/Documents/Structural/pico/pico-sdk/lib/tinyusb/src/device/usbd_control.c.o
                0x100033f8                usbd_control_reset
 .text.usbd_control_set_complete_callback
                0x1000340c        0xc CMakeFiles/clock.dir/home/thomas/Documents/Structural/pico/pico-sdk/lib/tinyusb/src/device/usbd_control.c.o
                0x1000340c                usbd_control_set_complete_callback
 .text.usbd_control_set_request
                0x10003418       0x1c CMakeFiles/clock.dir/home/thomas/Documents/Structural/pico/pico-sdk/lib/tinyusb/src/device/usbd_control.c.o
                0x10003418                usbd_control_set_request
 .text.usbd_control_xfer_cb
                0x10003434       0xec CMakeFiles/clock.dir/home/thomas/Documents/Structural/pico/pico-sdk/lib/tinyusb/src/device/usbd_control.c.o
                0x10003434                usbd_control_xfer_cb
 .text._prep_out_transaction.isra.0
                0x10003520       0x5c CMakeFiles/clock.dir/home/thomas/Documents/Structural/pico/pico-sdk/lib/tinyusb/src/class/cdc/cdc_device.c.o
 .text.tud_cdc_n_connected
                0x1000357c       0x30 CMakeFiles/clock.dir/home/thomas/Documents/Structural/pico/pico-sdk/lib/tinyusb/src/class/cdc/cdc_device.c.o
                0x1000357c                tud_cdc_n_connected
 .text.tud_cdc_n_available
                0x100035ac       0x18 CMakeFiles/clock.dir/home/thomas/Documents/Structural/pico/pico-sdk/lib/tinyusb/src/class/cdc/cdc_device.c.o
                0x100035ac                tud_cdc_n_available
 .text.tud_cdc_n_read
                0x100035c4       0x98 CMakeFiles/clock.dir/home/thomas/Documents/Structural/pico/pico-sdk/lib/tinyusb/src/class/cdc/cdc_device.c.o
                0x100035c4                tud_cdc_n_read
 .text.tud_cdc_n_write_flush
                0x1000365c       0x78 CMakeFiles/clock.dir/home/thomas/Documents/Structural/pico/pico-sdk/lib/tinyusb/src/class/cdc/cdc_device.c.o
                0x1000365c                tud_cdc_n_write_flush
 .text.tud_cdc_n_write
                0x100036d4       0x40 CMakeFiles/clock.dir/home/thomas/Documents/Structural/pico/pico-sdk/lib/tinyusb/src/class/cdc/cdc_device.c.o
                0x100036d4                tud_cdc_n_write
 .text.tud_cdc_n_write_available
                0x10003714       0x18 CMakeFiles/clock.dir/home/thomas/Documents/Structural/pico/pico-sdk/lib/tinyusb/src/class/cdc/cdc_device.c.o
                0x10003714                tud_cdc_n_write_available
 .text.cdcd_init
                0x1000372c       0x7c CMakeFiles/clock.dir/home/thomas/Documents/Structural/pico/pico-sdk/lib/tinyusb/src/class/cdc/cdc_device.c.o
                0x1000372c                cdcd_init
 .text.cdcd_deinit
                0x100037a8       0x34 CMakeFiles/clock.dir/home/thomas/Documents/Structural/pico/pico-sdk/lib/tinyusb/src/class/cdc/cdc_device.c.o
                0x100037a8                cdcd_deinit
 .text.cdcd_reset
                0x100037dc       0x4c CMakeFiles/clock.dir/home/thomas/Documents/Structural/pico/pico-sdk/lib/tinyusb/src/class/cdc/cdc_device.c.o
                0x100037dc                cdcd_reset
 .text.cdcd_open
                0x10003828       0xb0 CMakeFiles/clock.dir/home/thomas/Documents/Structural/pico/pico-sdk/lib/tinyusb/src/class/cdc/cdc_device.c.o
                0x10003828                cdcd_open
 .text.cdcd_control_xfer_cb
                0x100038d8       0xe4 CMakeFiles/clock.dir/home/thomas/Documents/Structural/pico/pico-sdk/lib/tinyusb/src/class/cdc/cdc_device.c.o
                0x100038d8                cdcd_control_xfer_cb
 .text.cdcd_xfer_cb
                0x100039bc      0x100 CMakeFiles/clock.dir/home/thomas/Documents/Structural/pico/pico-sdk/lib/tinyusb/src/class/cdc/cdc_device.c.o
                0x100039bc                cdcd_xfer_cb
 .text.vendord_init
                0x10003abc       0x5c CMakeFiles/clock.dir/home/thomas/Documents/Structural/pico/pico-sdk/lib/tinyusb/src/class/vendor/vendor_device.c.o
                0x10003abc                vendord_init
 .text.vendord_deinit
                0x10003b18       0x1c CMakeFiles/clock.dir/home/thomas/Documents/Structural/pico/pico-sdk/lib/tinyusb/src/class/vendor/vendor_device.c.o
                0x10003b18                vendord_deinit
 .text.vendord_reset
                0x10003b34       0x20 CMakeFiles/clock.dir/home/thomas/Documents/Structural/pico/pico-sdk/lib/tinyusb/src/class/vendor/vendor_device.c.o
                0x10003b34                vendord_reset
 .text.vendord_open
                0x10003b54      0x138 CMakeFiles/clock.dir/home/thomas/Documents/Structural/pico/pico-sdk/lib/tinyusb/src/class/vendor/vendor_device.c.o
                0x10003b54                vendord_open
 .text.vendord_xfer_cb
                0x10003c8c       0x9c CMakeFiles/clock.dir/home/thomas/Documents/Structural/pico/pico-sdk/lib/tinyusb/src/class/vendor/vendor_device.c.o
                0x10003c8c                vendord_xfer_cb
 .text.tusb_init
                0x10003d28        0xc CMakeFiles/clock.dir/home/thomas/Documents/Structural/pico/pico-sdk/lib/tinyusb/src/tusb.c.o
                0x10003d28                tusb_init
 .text.tu_edpt_claim
                0x10003d34       0x50 CMakeFiles/clock.dir/home/thomas/Documents/Structural/pico/pico-sdk/lib/tinyusb/src/tusb.c.o
                0x10003d34                tu_edpt_claim
 .text.tu_edpt_release
                0x10003d84       0x38 CMakeFiles/clock.dir/home/thomas/Documents/Structural/pico/pico-sdk/lib/tinyusb/src/tusb.c.o
                0x10003d84                tu_edpt_release
 .text.tu_edpt_validate
                0x10003dbc       0x7c CMakeFiles/clock.dir/home/thomas/Documents/Structural/pico/pico-sdk/lib/tinyusb/src/tusb.c.o
                0x10003dbc                tu_edpt_validate
 .text.tu_edpt_bind_driver
                0x10003e38       0x34 CMakeFiles/clock.dir/home/thomas/Documents/Structural/pico/pico-sdk/lib/tinyusb/src/tusb.c.o
                0x10003e38                tu_edpt_bind_driver
 .text.tu_edpt_stream_init
                0x10003e6c       0x6c CMakeFiles/clock.dir/home/thomas/Documents/Structural/pico/pico-sdk/lib/tinyusb/src/tusb.c.o
                0x10003e6c                tu_edpt_stream_init
 .text.tu_edpt_stream_deinit
                0x10003ed8        0x4 CMakeFiles/clock.dir/home/thomas/Documents/Structural/pico/pico-sdk/lib/tinyusb/src/tusb.c.o
                0x10003ed8                tu_edpt_stream_deinit
 .text.tu_edpt_stream_write_zlp_if_needed
                0x10003edc       0x68 CMakeFiles/clock.dir/home/thomas/Documents/Structural/pico/pico-sdk/lib/tinyusb/src/tusb.c.o
                0x10003edc                tu_edpt_stream_write_zlp_if_needed
 .text.tu_edpt_stream_write_xfer
                0x10003f44       0x64 CMakeFiles/clock.dir/home/thomas/Documents/Structural/pico/pico-sdk/lib/tinyusb/src/tusb.c.o
                0x10003f44                tu_edpt_stream_write_xfer
 .text.tu_edpt_stream_read_xfer
                0x10003fa8       0xdc CMakeFiles/clock.dir/home/thomas/Documents/Structural/pico/pico-sdk/lib/tinyusb/src/tusb.c.o
                0x10003fa8                tu_edpt_stream_read_xfer
 .text.tu_fifo_config
                0x10004084       0x6c CMakeFiles/clock.dir/home/thomas/Documents/Structural/pico/pico-sdk/lib/tinyusb/src/common/tusb_fifo.c.o
                0x10004084                tu_fifo_config
 .text.tu_fifo_count
                0x100040f0       0x2c CMakeFiles/clock.dir/home/thomas/Documents/Structural/pico/pico-sdk/lib/tinyusb/src/common/tusb_fifo.c.o
                0x100040f0                tu_fifo_count
 .text.tu_fifo_empty
                0x1000411c       0x10 CMakeFiles/clock.dir/home/thomas/Documents/Structural/pico/pico-sdk/lib/tinyusb/src/common/tusb_fifo.c.o
                0x1000411c                tu_fifo_empty
 .text.tu_fifo_remaining
                0x1000412c       0x2c CMakeFiles/clock.dir/home/thomas/Documents/Structural/pico/pico-sdk/lib/tinyusb/src/common/tusb_fifo.c.o
                0x1000412c                tu_fifo_remaining
 .text.tu_fifo_read
                0x10004158       0x9c CMakeFiles/clock.dir/home/thomas/Documents/Structural/pico/pico-sdk/lib/tinyusb/src/common/tusb_fifo.c.o
                0x10004158                tu_fifo_read
 .text.tu_fifo_read_n
                0x100041f4       0xe8 CMakeFiles/clock.dir/home/thomas/Documents/Structural/pico/pico-sdk/lib/tinyusb/src/common/tusb_fifo.c.o
                0x100041f4                tu_fifo_read_n
 .text.tu_fifo_write
                0x100042dc       0xa8 CMakeFiles/clock.dir/home/thomas/Documents/Structural/pico/pico-sdk/lib/tinyusb/src/common/tusb_fifo.c.o
                0x100042dc                tu_fifo_write
 .text.tu_fifo_write_n
                0x10004384      0x178 CMakeFiles/clock.dir/home/thomas/Documents/Structural/pico/pico-sdk/lib/tinyusb/src/common/tusb_fifo.c.o
                0x10004384                tu_fifo_write_n
 .text.tu_fifo_clear
                0x100044fc       0x40 CMakeFiles/clock.dir/home/thomas/Documents/Structural/pico/pico-sdk/lib/tinyusb/src/common/tusb_fifo.c.o
                0x100044fc                tu_fifo_clear
 .text.tu_fifo_set_overwritable
                0x1000453c       0x48 CMakeFiles/clock.dir/home/thomas/Documents/Structural/pico/pico-sdk/lib/tinyusb/src/common/tusb_fifo.c.o
                0x1000453c                tu_fifo_set_overwritable
 .text.spi_init
                0x10004584      0x13c CMakeFiles/clock.dir/home/thomas/Documents/Structural/pico/pico-sdk/src/rp2_common/hardware_spi/spi.c.o
                0x10004584                spi_init
 .text.EPD_2in13_V4_Init
                0x100046c0      0x3b8 lib/e-Paper/libePaper.a(EPD_2in13_V4.c.o)
                0x100046c0                EPD_2in13_V4_Init
 .text.EPD_2in13_V4_Clear
                0x10004a78       0xd8 lib/e-Paper/libePaper.a(EPD_2in13_V4.c.o)
                0x10004a78                EPD_2in13_V4_Clear
 .text.EPD_2in13_V4_Display_Partial
                0x10004b50      0x3b4 lib/e-Paper/libePaper.a(EPD_2in13_V4.c.o)
                0x10004b50                EPD_2in13_V4_Display_Partial
 .text.Paint_SetPixel.part.0
                0x10004f04      0x11c lib/GUI/libGUI.a(GUI_Paint.c.o)
 .text.Paint_DrawChar.part.0
                0x10005020      0x170 lib/GUI/libGUI.a(GUI_Paint.c.o)
 .text.Paint_NewImage
                0x10005190       0x40 lib/GUI/libGUI.a(GUI_Paint.c.o)
                0x10005190                Paint_NewImage
 .text.Paint_SelectImage
                0x100051d0        0xc lib/GUI/libGUI.a(GUI_Paint.c.o)
                0x100051d0                Paint_SelectImage
 .text.Paint_Clear
                0x100051dc       0x8c lib/GUI/libGUI.a(GUI_Paint.c.o)
                0x100051dc                Paint_Clear
 .text.Paint_ClearWindows
                0x10005268      0x348 lib/GUI/libGUI.a(GUI_Paint.c.o)
                0x10005268                Paint_ClearWindows
 .text.Paint_DrawTime
                0x100055b0      0x268 lib/GUI/libGUI.a(GUI_Paint.c.o)
                0x100055b0                Paint_DrawTime
 .text.DEV_Digital_Write
                0x10005818       0x14 lib/Config/libConfig.a(DEV_Config.c.o)
                0x10005818                DEV_Digital_Write
 .text.DEV_Digital_Read
                0x1000582c       0x14 lib/Config/libConfig.a(DEV_Config.c.o)
                0x1000582c                DEV_Digital_Read
 .text.DEV_SPI_WriteByte
                0x10005840       0x1c lib/Config/libConfig.a(DEV_Config.c.o)
                0x10005840                DEV_SPI_WriteByte
 .text.DEV_Delay_ms
                0x1000585c        0x8 lib/Config/libConfig.a(DEV_Config.c.o)
                0x1000585c                DEV_Delay_ms
 .text.DEV_GPIO_Init
                0x10005864       0x94 lib/Config/libConfig.a(DEV_Config.c.o)
                0x10005864                DEV_GPIO_Init
 .text.DEV_Module_Init
                0x100058f8       0x44 lib/Config/libConfig.a(DEV_Config.c.o)
                0x100058f8                DEV_Module_Init
 .text          0x1000593c      0x5b4 /usr/lib/gcc/arm-none-eabi/13.2.1/../../../arm-none-eabi/lib/thumb/v6-m/nofp/libg.a(libc_a-mallocr.o)
                0x1000593c                _malloc_r
 .text          0x10005ef0      0x288 /usr/lib/gcc/arm-none-eabi/13.2.1/../../../arm-none-eabi/lib/thumb/v6-m/nofp/libg.a(libc_a-freer.o)
                0x10005ef0                _malloc_trim_r
                0x10005fa4                _free_r
 .text          0x10006178       0x28 /usr/lib/gcc/arm-none-eabi/13.2.1/../../../arm-none-eabi/lib/thumb/v6-m/nofp/libg.a(libc_a-malloc.o)
                0x10006178                malloc
                0x1000618c                free
 .text          0x100061a0       0x1c /usr/lib/gcc/arm-none-eabi/13.2.1/../../../arm-none-eabi/lib/thumb/v6-m/nofp/libg.a(libc_a-sysconf.o)
                0x100061a0                sysconf
 .text          0x100061bc        0x8 /usr/lib/gcc/arm-none-eabi/13.2.1/../../../arm-none-eabi/lib/thumb/v6-m/nofp/libg.a(libc_a-mlock.o)
                0x100061bc                __malloc_lock
                0x100061c0                __malloc_unlock
 .text          0x100061c4       0x10 /usr/lib/gcc/arm-none-eabi/13.2.1/../../../arm-none-eabi/lib/thumb/v6-m/nofp/libg.a(libc_a-atexit.o)
                0x100061c4                atexit
 .text          0x100061d4       0x5c /usr/lib/gcc/arm-none-eabi/13.2.1/../../../arm-none-eabi/lib/thumb/v6-m/nofp/libg.a(libc_a-strlen-stub.o)
                0x100061d4                strlen
 .text          0x10006230       0x24 /usr/lib/gcc/arm-none-eabi/13.2.1/../../../arm-none-eabi/lib/thumb/v6-m/nofp/libg.a(libc_a-sbrkr.o)
                0x10006230                _sbrk_r
 .text          0x10006254       0x28 /usr/lib/gcc/arm-none-eabi/13.2.1/../../../arm-none-eabi/lib/thumb/v6-m/nofp/libg.a(libc_a-fini.o)
                0x10006254                __libc_fini_array
 .text          0x1000627c        0xc /usr/lib/gcc/arm-none-eabi/13.2.1/../../../arm-none-eabi/lib/thumb/v6-m/nofp/libg.a(libc_a-errno.o)
                0x1000627c                __errno
 .text          0x10006288       0x78 /usr/lib/gcc/arm-none-eabi/13.2.1/../../../arm-none-eabi/lib/thumb/v6-m/nofp/libg.a(libc_a-__atexit.o)
                0x10006288                __register_exitproc
 .text.startup  0x10006300       0x18 /usr/lib/gcc/arm-none-eabi/13.2.1/../../../arm-none-eabi/lib/thumb/v6-m/nofp/libg.a(libc_a-__call_atexit.o)
 *(.fini)
 .fini          0x10006318        0x4 /usr/lib/gcc/arm-none-eabi/13.2.1/thumb/v6-m/nofp/crti.o
                0x10006318                _fini
 *fill*         0x1000631c        0x4 
 .fini.__stub   0x10006320       0xc0 linker stubs
 *crtbegin.o(.ctors)
 *crtbegin?.o(.ctors)
 *(EXCLUDE_FILE(*crtend.o *crtend?.o) .ctors)
 *(SORT_BY_NAME(.ctors.*))
 *(.ctors)
 *crtbegin.o(.dtors)
 *crtbegin?.o(.dtors)
 *(EXCLUDE_FILE(*crtend.o *crtend?.o) .dtors)
 *(SORT_BY_NAME(.dtors.*))
 *(.dtors)
                0x100063e0                        . = ALIGN (0x4)
                0x100063e0                        PROVIDE (__preinit_array_start = .)
 *(SORT_BY_NAME(.preinit_array.*))
 .preinit_array.00100
                0x100063e0        0x4 CMakeFiles/clock.dir/home/thomas/Documents/Structural/pico/pico-sdk/src/rp2_common/pico_runtime_init/runtime_init.c.o
                0x100063e0                __pre_init_runtime_init_early_resets
 .preinit_array.00101
                0x100063e4        0x4 CMakeFiles/clock.dir/home/thomas/Documents/Structural/pico/pico-sdk/src/rp2_common/pico_runtime_init/runtime_init.c.o
                0x100063e4                __pre_init_runtime_init_usb_power_down
 .preinit_array.00275
                0x100063e8        0x4 CMakeFiles/clock.dir/home/thomas/Documents/Structural/pico/pico-sdk/src/rp2_common/pico_bit_ops/bit_ops_aeabi.S.o
 .preinit_array.00300
                0x100063ec        0x4 CMakeFiles/clock.dir/home/thomas/Documents/Structural/pico/pico-sdk/src/rp2_common/pico_mem_ops/mem_ops_aeabi.S.o
 .preinit_array.00350
                0x100063f0        0x4 CMakeFiles/clock.dir/home/thomas/Documents/Structural/pico/pico-sdk/src/rp2_common/pico_double/double_aeabi_rp2040.S.o
 .preinit_array.00350
                0x100063f4        0x4 CMakeFiles/clock.dir/home/thomas/Documents/Structural/pico/pico-sdk/src/rp2_common/pico_float/float_aeabi_rp2040.S.o
 .preinit_array.00500
                0x100063f8        0x4 CMakeFiles/clock.dir/home/thomas/Documents/Structural/pico/pico-sdk/src/rp2_common/pico_runtime_init/runtime_init.c.o
                0x100063f8                __pre_init_runtime_init_clocks
 .preinit_array.00600
                0x100063fc        0x4 CMakeFiles/clock.dir/home/thomas/Documents/Structural/pico/pico-sdk/src/rp2_common/pico_runtime_init/runtime_init.c.o
                0x100063fc                __pre_init_runtime_init_post_clock_resets
 .preinit_array.00700
                0x10006400        0x4 CMakeFiles/clock.dir/home/thomas/Documents/Structural/pico/pico-sdk/src/rp2_common/pico_runtime_init/runtime_init.c.o
                0x10006400                __pre_init_runtime_init_rp2040_gpio_ie_disable
 .preinit_array.01000
                0x10006404        0x4 CMakeFiles/clock.dir/home/thomas/Documents/Structural/pico/pico-sdk/src/rp2_common/pico_runtime_init/runtime_init.c.o
                0x10006404                __pre_init_runtime_init_spin_locks_reset
 .preinit_array.01100
                0x10006408        0x4 CMakeFiles/clock.dir/home/thomas/Documents/Structural/pico/pico-sdk/src/common/pico_sync/mutex.c.o
                0x10006408                __pre_init_runtime_init_mutex
 .preinit_array.10080
                0x1000640c        0x4 CMakeFiles/clock.dir/home/thomas/Documents/Structural/pico/pico-sdk/src/rp2_common/pico_runtime_init/runtime_init.c.o
                0x1000640c                __pre_init_runtime_init_install_ram_vector_table
 .preinit_array.11000
                0x10006410        0x4 CMakeFiles/clock.dir/home/thomas/Documents/Structural/pico/pico-sdk/src/common/pico_time/time.c.o
                0x10006410                __pre_init_runtime_init_default_alarm_pool
 .preinit_array.YYYYY
                0x10006414        0x4 CMakeFiles/clock.dir/home/thomas/Documents/Structural/pico/pico-sdk/src/rp2_common/pico_runtime/runtime.c.o
                0x10006414                __pre_init_first_per_core_initializer
 .preinit_array.ZZZZZ.01200
                0x10006418        0x4 CMakeFiles/clock.dir/home/thomas/Documents/Structural/pico/pico-sdk/src/rp2_common/hardware_irq/irq.c.o
                0x10006418                __pre_init_runtime_init_per_core_irq_priorities
 *(.preinit_array)
                0x1000641c                        PROVIDE (__preinit_array_end = .)
                0x1000641c                        . = ALIGN (0x4)
                0x1000641c                        PROVIDE (__init_array_start = .)
 *(SORT_BY_NAME(.init_array.*))
 .init_array.00000
                0x1000641c        0x4 /usr/lib/gcc/arm-none-eabi/13.2.1/../../../arm-none-eabi/lib/thumb/v6-m/nofp/libg.a(libc_a-__call_atexit.o)
 *(.init_array)
 .init_array    0x10006420        0x4 /usr/lib/gcc/arm-none-eabi/13.2.1/thumb/v6-m/nofp/crtbegin.o
 .init_array    0x10006424        0x4 CMakeFiles/clock.dir/home/thomas/Documents/Structural/pico/pico-sdk/src/rp2_common/pico_unique_id/unique_id.c.o
                0x10006428                        PROVIDE (__init_array_end = .)
                0x10006428                        . = ALIGN (0x4)
                0x10006428                        PROVIDE (__fini_array_start = .)
 *(SORT_BY_NAME(.fini_array.*))
 *(.fini_array)
                0x10006428                        PROVIDE (__fini_array_end = .)
 *(.eh_frame*)
 .eh_frame      0x10006428        0x0 /usr/lib/gcc/arm-none-eabi/13.2.1/thumb/v6-m/nofp/crtbegin.o
                0x10006428                        . = ALIGN (0x4)

.glue_7         0x10006428        0x0
 .glue_7        0x10006428        0x0 linker stubs

.glue_7t        0x10006428        0x0
 .glue_7t       0x10006428        0x0 linker stubs

.vfp11_veneer   0x10006428        0x0
 .vfp11_veneer  0x10006428        0x0 linker stubs

.v4_bx          0x10006428        0x0
 .v4_bx         0x10006428        0x0 linker stubs

.iplt           0x10006428        0x0
 .iplt          0x10006428        0x0 /usr/lib/gcc/arm-none-eabi/13.2.1/thumb/v6-m/nofp/crtbegin.o

.rodata         0x10006428     0x2dd0
 *(EXCLUDE_FILE(*libm.a: *libc.a:*lib_a-mem*.o *libgcc.a:) .rodata*)
 .rodata.panic.str1.4
                0x10006428      0x185 CMakeFiles/clock.dir/home/thomas/Documents/Structural/pico/pico-sdk/src/rp2_common/pico_platform_panic/panic.c.o
                                 0x12 (size before relaxing)
 .rodata.spin_lock_claim_unused.str1.4
                0x100065ad       0x1b CMakeFiles/clock.dir/home/thomas/Documents/Structural/pico/pico-sdk/src/rp2_common/hardware_sync/sync.c.o
 .rodata.user_irq_claim_unused.str1.4
                0x100065ad       0x1b CMakeFiles/clock.dir/home/thomas/Documents/Structural/pico/pico-sdk/src/rp2_common/hardware_irq/irq.c.o
 .rodata.timer_hardware_alarm_claim.str1.4
                0x100065ad       0x22 CMakeFiles/clock.dir/home/thomas/Documents/Structural/pico/pico-sdk/src/rp2_common/hardware_timer/timer.c.o
 .rodata.hard_assertion_failure.str1.4
                0x100065ad        0xc CMakeFiles/clock.dir/home/thomas/Documents/Structural/pico/pico-sdk/src/rp2_common/pico_runtime/runtime.c.o
 .rodata.__wrap_malloc.str1.4
                0x100065ad        0xe CMakeFiles/clock.dir/home/thomas/Documents/Structural/pico/pico-sdk/src/rp2_common/pico_malloc/malloc.c.o
 .rodata.str1.4
                0x100065ad       0x3c CMakeFiles/clock.dir/home/thomas/Documents/Structural/pico/pico-sdk/src/rp2_common/pico_standard_binary_info/standard_binary_info.c.o
 *fill*         0x100065ad        0x3 
 .rodata.__bi_84
                0x100065b0        0xc CMakeFiles/clock.dir/home/thomas/Documents/Structural/pico/pico-sdk/src/rp2_common/pico_standard_binary_info/standard_binary_info.c.o
 .rodata.__bi_78
                0x100065bc        0xc CMakeFiles/clock.dir/home/thomas/Documents/Structural/pico/pico-sdk/src/rp2_common/pico_standard_binary_info/standard_binary_info.c.o
 .rodata.__bi_54
                0x100065c8        0xc CMakeFiles/clock.dir/home/thomas/Documents/Structural/pico/pico-sdk/src/rp2_common/pico_standard_binary_info/standard_binary_info.c.o
 .rodata.__bi_48
                0x100065d4        0xc CMakeFiles/clock.dir/home/thomas/Documents/Structural/pico/pico-sdk/src/rp2_common/pico_standard_binary_info/standard_binary_info.c.o
 .rodata.__bi_42
                0x100065e0        0xc CMakeFiles/clock.dir/home/thomas/Documents/Structural/pico/pico-sdk/src/rp2_common/pico_standard_binary_info/standard_binary_info.c.o
 .rodata.__bi_34
                0x100065ec        0xc CMakeFiles/clock.dir/home/thomas/Documents/Structural/pico/pico-sdk/src/rp2_common/pico_standard_binary_info/standard_binary_info.c.o
 .rodata.__bi_26
                0x100065f8        0xc CMakeFiles/clock.dir/home/thomas/Documents/Structural/pico/pico-sdk/src/rp2_common/pico_standard_binary_info/standard_binary_info.c.o
 .rodata.crlf_str.0
                0x10006604        0x2 CMakeFiles/clock.dir/home/thomas/Documents/Structural/pico/pico-sdk/src/rp2_common/pico_stdio/stdio.c.o
 *fill*         0x10006606        0x2 
 .rodata._resetd_driver
                0x10006608       0x20 CMakeFiles/clock.dir/home/thomas/Documents/Structural/pico/pico-sdk/src/rp2_common/pico_stdio_usb/reset_interface.c.o
 .rodata.desc_ms_os_20
                0x10006628       0xa6 CMakeFiles/clock.dir/home/thomas/Documents/Structural/pico/pico-sdk/src/rp2_common/pico_stdio_usb/reset_interface.c.o
 *fill*         0x100066ce        0x2 
 .rodata.desc_bos
                0x100066d0       0x21 CMakeFiles/clock.dir/home/thomas/Documents/Structural/pico/pico-sdk/src/rp2_common/pico_stdio_usb/reset_interface.c.o
                0x100066d0                desc_bos
 .rodata.str1.4
                0x100066f1       0x13 CMakeFiles/clock.dir/home/thomas/Documents/Structural/pico/pico-sdk/src/rp2_common/pico_stdio_usb/stdio_usb.c.o
 *fill*         0x100066f1        0x3 
 .rodata.__bi_197.0
                0x100066f4        0xc CMakeFiles/clock.dir/home/thomas/Documents/Structural/pico/pico-sdk/src/rp2_common/pico_stdio_usb/stdio_usb.c.o
 .rodata.str1.4
                0x10006700       0x2a CMakeFiles/clock.dir/home/thomas/Documents/Structural/pico/pico-sdk/src/rp2_common/pico_stdio_usb/stdio_usb_descriptors.c.o
 .rodata.usbd_desc_str
                0x10006700       0x18 CMakeFiles/clock.dir/home/thomas/Documents/Structural/pico/pico-sdk/src/rp2_common/pico_stdio_usb/stdio_usb_descriptors.c.o
 .rodata.usbd_desc_cfg
                0x10006718       0x54 CMakeFiles/clock.dir/home/thomas/Documents/Structural/pico/pico-sdk/src/rp2_common/pico_stdio_usb/stdio_usb_descriptors.c.o
 .rodata.usbd_desc_device
                0x1000676c       0x12 CMakeFiles/clock.dir/home/thomas/Documents/Structural/pico/pico-sdk/src/rp2_common/pico_stdio_usb/stdio_usb_descriptors.c.o
 .rodata.str1.4
                0x1000677e       0x14 CMakeFiles/clock.dir/home/thomas/Documents/Structural/pico/pico-sdk/lib/tinyusb/src/portable/raspberrypi/rp2040/dcd_rp2040.c.o
 .rodata.str1.4
                0x1000677e       0x48 CMakeFiles/clock.dir/home/thomas/Documents/Structural/pico/pico-sdk/lib/tinyusb/src/portable/raspberrypi/rp2040/rp2040_usb.c.o
 *fill*         0x1000677e        0x2 
 .rodata.tud_task_ext
                0x10006780       0x8c CMakeFiles/clock.dir/home/thomas/Documents/Structural/pico/pico-sdk/lib/tinyusb/src/device/usbd.c.o
 .rodata        0x1000680c       0x1c CMakeFiles/clock.dir/home/thomas/Documents/Structural/pico/pico-sdk/lib/tinyusb/src/device/usbd.c.o
 .rodata._usbd_driver
                0x10006828       0x40 CMakeFiles/clock.dir/home/thomas/Documents/Structural/pico/pico-sdk/lib/tinyusb/src/device/usbd.c.o
 .rodata.Paint_DrawTime.str1.4
                0x10006868        0xb lib/GUI/libGUI.a(GUI_Paint.c.o)
 .rodata        0x10006868      0xed8 lib/Fonts/libFonts.a(font20.c.o)
                0x10006868                Font20_Table
 .rodata        0x10007740     0x1ab8 lib/Fonts/libFonts.a(font24.c.o)
                0x10007740                Font24_Table
 .rodata.DEV_Module_Init.str1.4
                0x100091f8       0x15 lib/Config/libConfig.a(DEV_Config.c.o)
                0x10009210                        . = ALIGN (0x4)
 *(SORT_BY_ALIGNMENT(SORT_BY_NAME(.flashdata*)))
                0x10009210                        . = ALIGN (0x4)

.ARM.extab
 *(.ARM.extab* .gnu.linkonce.armextab.*)
                0x100091f8                        __exidx_start = .

.ARM.exidx
 *(.ARM.exidx* .gnu.linkonce.armexidx.*)
                0x100091f8                        __exidx_end = .
                0x10009210                        . = ALIGN (0x4)
                0x100091f8                        __binary_info_start = .

.binary_info    0x100091f8       0x20
 *(.binary_info.keep.*)
 .binary_info.keep.__bi_ptr84
                0x100091f8        0x4 CMakeFiles/clock.dir/home/thomas/Documents/Structural/pico/pico-sdk/src/rp2_common/pico_standard_binary_info/standard_binary_info.c.o
 .binary_info.keep.__bi_ptr78
                0x100091fc        0x4 CMakeFiles/clock.dir/home/thomas/Documents/Structural/pico/pico-sdk/src/rp2_common/pico_standard_binary_info/standard_binary_info.c.o
 .binary_info.keep.__bi_ptr54
                0x10009200        0x4 CMakeFiles/clock.dir/home/thomas/Documents/Structural/pico/pico-sdk/src/rp2_common/pico_standard_binary_info/standard_binary_info.c.o
 .binary_info.keep.__bi_ptr48
                0x10009204        0x4 CMakeFiles/clock.dir/home/thomas/Documents/Structural/pico/pico-sdk/src/rp2_common/pico_standard_binary_info/standard_binary_info.c.o
 .binary_info.keep.__bi_ptr42
                0x10009208        0x4 CMakeFiles/clock.dir/home/thomas/Documents/Structural/pico/pico-sdk/src/rp2_common/pico_standard_binary_info/standard_binary_info.c.o
 .binary_info.keep.__bi_ptr34
                0x1000920c        0x4 CMakeFiles/clock.dir/home/thomas/Documents/Structural/pico/pico-sdk/src/rp2_common/pico_standard_binary_info/standard_binary_info.c.o
 .binary_info.keep.__bi_ptr26
                0x10009210        0x4 CMakeFiles/clock.dir/home/thomas/Documents/Structural/pico/pico-sdk/src/rp2_common/pico_standard_binary_info/standard_binary_info.c.o
 *(.binary_info.*)
 .binary_info.__bi_ptr197
                0x10009214        0x4 CMakeFiles/clock.dir/home/thomas/Documents/Structural/pico/pico-sdk/src/rp2_common/pico_stdio_usb/stdio_usb.c.o
                0x10009218                        __binary_info_end = .

.rel.dyn        0x10009218        0x0
 .rel.iplt      0x10009218        0x0 /usr/lib/gcc/arm-none-eabi/13.2.1/thumb/v6-m/nofp/crtbegin.o
                0x10009218                        . = ALIGN (0x4)

.ram_vector_table
                0x20000000       0xc0
 *(.ram_vector_table)
 .ram_vector_table
                0x20000000       0xc0 CMakeFiles/clock.dir/home/thomas/Documents/Structural/pico/pico-sdk/src/rp2_common/pico_runtime_init/runtime_init.c.o
                0x20000000                ram_vector_table

.uninitialized_data
                0x200000c0        0x0
                0x200000c0                        . = ALIGN (0x4)
 *(.uninitialized_data*)

.data           0x200000c0     0x1538 load address 0x10009218
                0x200000c0                        __data_start__ = .
 *(vtable)
 *(.time_critical*)
 .time_critical.mutex_try_enter
                0x200000c0       0x40 CMakeFiles/clock.dir/home/thomas/Documents/Structural/pico/pico-sdk/src/common/pico_sync/mutex.c.o
                0x200000c0                mutex_try_enter
 .time_critical.mutex_try_enter_block_until
                0x20000100       0x9c CMakeFiles/clock.dir/home/thomas/Documents/Structural/pico/pico-sdk/src/common/pico_sync/mutex.c.o
                0x20000100                mutex_try_enter_block_until
 .time_critical.mutex_enter_timeout_ms
                0x2000019c       0x90 CMakeFiles/clock.dir/home/thomas/Documents/Structural/pico/pico-sdk/src/common/pico_sync/mutex.c.o
                0x2000019c                mutex_enter_timeout_ms
 .time_critical.mutex_exit
                0x2000022c       0x28 CMakeFiles/clock.dir/home/thomas/Documents/Structural/pico/pico-sdk/src/common/pico_sync/mutex.c.o
                0x2000022c                mutex_exit
 .time_critical.flash_init_boot2_copyout
                0x20000254       0x30 CMakeFiles/clock.dir/home/thomas/Documents/Structural/pico/pico-sdk/src/rp2_common/hardware_flash/flash.c.o
 .time_critical.flash_enable_xip_via_boot2
                0x20000284        0xc CMakeFiles/clock.dir/home/thomas/Documents/Structural/pico/pico-sdk/src/rp2_common/hardware_flash/flash.c.o
 .time_critical.flash_cs_force
                0x20000290       0x38 CMakeFiles/clock.dir/home/thomas/Documents/Structural/pico/pico-sdk/src/rp2_common/hardware_flash/flash.c.o
 .time_critical.flash_do_cmd
                0x200002c8       0xc0 CMakeFiles/clock.dir/home/thomas/Documents/Structural/pico/pico-sdk/src/rp2_common/hardware_flash/flash.c.o
                0x200002c8                flash_do_cmd
 .time_critical.reset_non_control_endpoints
                0x20000388       0x68 CMakeFiles/clock.dir/home/thomas/Documents/Structural/pico/pico-sdk/lib/tinyusb/src/portable/raspberrypi/rp2040/dcd_rp2040.c.o
 .time_critical.hw_handle_buff_status
                0x200003f0       0xb0 CMakeFiles/clock.dir/home/thomas/Documents/Structural/pico/pico-sdk/lib/tinyusb/src/portable/raspberrypi/rp2040/dcd_rp2040.c.o
 .time_critical.dcd_rp2040_irq
                0x200004a0      0x578 CMakeFiles/clock.dir/home/thomas/Documents/Structural/pico/pico-sdk/lib/tinyusb/src/portable/raspberrypi/rp2040/dcd_rp2040.c.o
 .time_critical.prepare_ep_buffer
                0x20000a18       0xe0 CMakeFiles/clock.dir/home/thomas/Documents/Structural/pico/pico-sdk/lib/tinyusb/src/portable/raspberrypi/rp2040/rp2040_usb.c.o
 .time_critical.sync_ep_buffer
                0x20000af8       0xa8 CMakeFiles/clock.dir/home/thomas/Documents/Structural/pico/pico-sdk/lib/tinyusb/src/portable/raspberrypi/rp2040/rp2040_usb.c.o
 .time_critical._hw_endpoint_xfer_sync
                0x20000ba0       0x28 CMakeFiles/clock.dir/home/thomas/Documents/Structural/pico/pico-sdk/lib/tinyusb/src/portable/raspberrypi/rp2040/rp2040_usb.c.o
 .time_critical.e15_is_bulkin_ep
                0x20000bc8       0x28 CMakeFiles/clock.dir/home/thomas/Documents/Structural/pico/pico-sdk/lib/tinyusb/src/portable/raspberrypi/rp2040/rp2040_usb.c.o
 .time_critical.e15_is_critical_frame_period
                0x20000bf0       0x34 CMakeFiles/clock.dir/home/thomas/Documents/Structural/pico/pico-sdk/lib/tinyusb/src/portable/raspberrypi/rp2040/rp2040_usb.c.o
 .time_critical.hw_endpoint_reset_transfer
                0x20000c24        0xc CMakeFiles/clock.dir/home/thomas/Documents/Structural/pico/pico-sdk/lib/tinyusb/src/portable/raspberrypi/rp2040/rp2040_usb.c.o
                0x20000c24                hw_endpoint_reset_transfer
 .time_critical._hw_endpoint_buffer_control_update32
                0x20000c30       0x50 CMakeFiles/clock.dir/home/thomas/Documents/Structural/pico/pico-sdk/lib/tinyusb/src/portable/raspberrypi/rp2040/rp2040_usb.c.o
                0x20000c30                _hw_endpoint_buffer_control_update32
 .time_critical.hw_endpoint_start_next_buffer
                0x20000c80       0x6c CMakeFiles/clock.dir/home/thomas/Documents/Structural/pico/pico-sdk/lib/tinyusb/src/portable/raspberrypi/rp2040/rp2040_usb.c.o
                0x20000c80                hw_endpoint_start_next_buffer
 .time_critical.hw_endpoint_xfer_continue
                0x20000cec       0x40 CMakeFiles/clock.dir/home/thomas/Documents/Structural/pico/pico-sdk/lib/tinyusb/src/portable/raspberrypi/rp2040/rp2040_usb.c.o
                0x20000cec                hw_endpoint_xfer_continue
 .time_critical.tinyusb
                0x20000d2c      0x1e4 CMakeFiles/clock.dir/home/thomas/Documents/Structural/pico/pico-sdk/lib/tinyusb/src/device/usbd.c.o
                0x20000d2c                dcd_event_handler
 .time_critical.spi_write_blocking
                0x20000f10       0x4c CMakeFiles/clock.dir/home/thomas/Documents/Structural/pico/pico-sdk/src/rp2_common/hardware_spi/spi.c.o
                0x20000f10                spi_write_blocking
 *(.text*)
 .text          0x20000f5c        0x4 /usr/lib/gcc/arm-none-eabi/13.2.1/thumb/v6-m/nofp/libgcc.a(_dvmd_tls.o)
                0x20000f5c                __aeabi_ldiv0
                0x20000f5c                __aeabi_idiv0
 .text.__stub   0x20000f60       0x80 linker stubs
                0x20000fe0                        . = ALIGN (0x4)
 *(.rodata*)
                0x20000fe0                        . = ALIGN (0x4)
 *(.data*)
 .data.striped_spin_lock_num
                0x20000fe0        0x1 CMakeFiles/clock.dir/home/thomas/Documents/Structural/pico/pico-sdk/src/rp2_common/hardware_sync/sync.c.o
 *fill*         0x20000fe1        0x3 
 .data          0x20000fe4       0x48 CMakeFiles/clock.dir/home/thomas/Documents/Structural/pico/pico-sdk/src/rp2_common/hardware_irq/irq_handler_chain.S.o
                0x20000fe4                irq_handler_chain_slots
                0x20001014                irq_handler_chain_first_slot
                0x2000101e                irq_handler_chain_remove_tail
 .data.default_alarm_pool
                0x2000102c       0x18 CMakeFiles/clock.dir/home/thomas/Documents/Structural/pico/pico-sdk/src/common/pico_time/time.c.o
 *fill*         0x20001044        0xc 
 .data.aeabi_bits_funcs
                0x20001050       0x10 CMakeFiles/clock.dir/home/thomas/Documents/Structural/pico/pico-sdk/src/rp2_common/pico_bit_ops/bit_ops_aeabi.S.o
                0x20001050                aeabi_bits_funcs
                0x20001060                aeabi_bits_funcs_end
 .data.aeabi_mem_funcs
                0x20001060       0x10 CMakeFiles/clock.dir/home/thomas/Documents/Structural/pico/pico-sdk/src/rp2_common/pico_mem_ops/mem_ops_aeabi.S.o
                0x20001060                aeabi_mem_funcs
                0x20001070                aeabi_mem_funcs_end
 .data.stdio_usb
                0x20001070       0x18 CMakeFiles/clock.dir/home/thomas/Documents/Structural/pico/pico-sdk/src/rp2_common/pico_stdio_usb/stdio_usb.c.o
                0x20001070                stdio_usb
 .data._usbd_qdef
                0x20001088       0x1c CMakeFiles/clock.dir/home/thomas/Documents/Structural/pico/pico-sdk/lib/tinyusb/src/device/usbd.c.o
                0x20001088                _usbd_qdef
 .data._usbd_rhport
                0x200010a4        0x1 CMakeFiles/clock.dir/home/thomas/Documents/Structural/pico/pico-sdk/lib/tinyusb/src/device/usbd.c.o
 *fill*         0x200010a5        0x3 
 .data          0x200010a8        0x8 lib/Fonts/libFonts.a(font20.c.o)
                0x200010a8                Font20
 .data          0x200010b0        0x8 lib/Fonts/libFonts.a(font24.c.o)
                0x200010b0                Font24
 .data          0x200010b8      0x128 /usr/lib/gcc/arm-none-eabi/13.2.1/../../../arm-none-eabi/lib/thumb/v6-m/nofp/libg.a(libc_a-impure.o)
                0x200010b8                _impure_ptr
                0x200010c0                _impure_data
 .data          0x200011e0      0x410 /usr/lib/gcc/arm-none-eabi/13.2.1/../../../arm-none-eabi/lib/thumb/v6-m/nofp/libg.a(libc_a-mallocr.o)
                0x200011e0                __malloc_sbrk_base
                0x200011e4                __malloc_trim_threshold
                0x200011e8                __malloc_av_
                0x200015f0                        . = ALIGN (0x4)
 *(.after_data.*)
                0x200015f0                        . = ALIGN (0x4)
                0x200015f0                        PROVIDE (__mutex_array_start = .)
 *(SORT_BY_NAME(.mutex_array.*))
 *(.mutex_array)
 .mutex_array   0x200015f0        0x8 CMakeFiles/clock.dir/home/thomas/Documents/Structural/pico/pico-sdk/src/rp2_common/pico_stdio/stdio.c.o
                0x200015f8                        PROVIDE (__mutex_array_end = .)
                0x200015f8                        . = ALIGN (0x4)
 *(.jcr)
                0x200015f8                        . = ALIGN (0x4)

.tm_clone_table
                0x200015f8        0x0 load address 0x1000a750
 .tm_clone_table
                0x200015f8        0x0 /usr/lib/gcc/arm-none-eabi/13.2.1/thumb/v6-m/nofp/crtbegin.o
 .tm_clone_table
                0x200015f8        0x0 /usr/lib/gcc/arm-none-eabi/13.2.1/thumb/v6-m/nofp/crtend.o

.igot.plt       0x200015f8        0x0 load address 0x1000a750
 .igot.plt      0x200015f8        0x0 /usr/lib/gcc/arm-none-eabi/13.2.1/thumb/v6-m/nofp/crtbegin.o

.tdata          0x200015f8        0x0 load address 0x1000a750
                0x200015f8                        . = ALIGN (0x4)
 *(.tdata .tdata.* .gnu.linkonce.td.*)
                0x200015f8                        __tdata_end = .
                0x200015f8                        PROVIDE (__data_end__ = .)
                0x10009218                        __etext = LOADADDR (.data)

.tbss           0x200015f8        0x0 load address 0x1000a750
                0x200015f8                        . = ALIGN (0x4)
                0x200015f8                        __bss_start__ = .
                0x200015f8                        __tls_base = .
 *(.tbss .tbss.* .gnu.linkonce.tb.*)
 *(.tcommon)
                0x200015f8                        __tls_end = .

.bss            0x200015f8     0x13b8 load address 0x1000a750
                0x200015f8                        . = ALIGN (0x4)
                0x200015f8                        __tbss_end = .
 *(SORT_BY_ALIGNMENT(SORT_BY_NAME(.bss*)))
 .bss.default_alarm_pool_entries
                0x200015f8      0x180 CMakeFiles/clock.dir/home/thomas/Documents/Structural/pico/pico-sdk/src/common/pico_time/time.c.o
 .bss.last_avail_time.1
                0x20001778        0x8 CMakeFiles/clock.dir/home/thomas/Documents/Structural/pico/pico-sdk/src/rp2_common/pico_stdio_usb/stdio_usb.c.o
 .bss.sd_table  0x20001780      0x100 CMakeFiles/clock.dir/home/thomas/Documents/Structural/pico/pico-sdk/src/rp2_common/pico_double/double_init_rom_rp2040.c.o
                0x20001780                sd_table
 .bss.sf_table  0x20001880      0x100 CMakeFiles/clock.dir/home/thomas/Documents/Structural/pico/pico-sdk/src/rp2_common/pico_float/float_init_rom_rp2040.c.o
                0x20001880                sf_table
 .bss           0x20001980       0x1c /usr/lib/gcc/arm-none-eabi/13.2.1/thumb/v6-m/nofp/crtbegin.o
 .bss           0x2000199c       0x34 /usr/lib/gcc/arm-none-eabi/13.2.1/../../../arm-none-eabi/lib/thumb/v6-m/nofp/libg.a(libc_a-mallocr.o)
                0x2000199c                __malloc_top_pad
                0x200019a0                __malloc_current_mallinfo
                0x200019c8                __malloc_max_sbrked_mem
                0x200019cc                __malloc_max_total_mem
 .bss           0x200019d0      0x13c /usr/lib/gcc/arm-none-eabi/13.2.1/../../../arm-none-eabi/lib/thumb/v6-m/nofp/libg.a(libc_a-findfp.o)
                0x200019d0                __stdio_exit_handler
                0x200019d4                __sf
 .bss           0x20001b0c        0x4 /usr/lib/gcc/arm-none-eabi/13.2.1/../../../arm-none-eabi/lib/thumb/v6-m/nofp/libg.a(libc_a-reent.o)
                0x20001b0c                errno
 .bss           0x20001b10      0x190 /usr/lib/gcc/arm-none-eabi/13.2.1/../../../arm-none-eabi/lib/thumb/v6-m/nofp/libg.a(libc_a-__atexit.o)
                0x20001b10                __atexit0
 .bss           0x20001ca0        0x4 /usr/lib/gcc/arm-none-eabi/13.2.1/../../../arm-none-eabi/lib/thumb/v6-m/nofp/libg.a(libc_a-__call_atexit.o)
                0x20001ca0                __atexit
 .bss.EPD_BUSY_PIN
                0x20001ca4        0x4 lib/Config/libConfig.a(DEV_Config.c.o)
                0x20001ca4                EPD_BUSY_PIN
 .bss.EPD_CLK_PIN
                0x20001ca8        0x4 lib/Config/libConfig.a(DEV_Config.c.o)
                0x20001ca8                EPD_CLK_PIN
 .bss.EPD_CS_PIN
                0x20001cac        0x4 lib/Config/libConfig.a(DEV_Config.c.o)
                0x20001cac                EPD_CS_PIN
 .bss.EPD_DC_PIN
                0x20001cb0        0x4 lib/Config/libConfig.a(DEV_Config.c.o)
                0x20001cb0                EPD_DC_PIN
 .bss.EPD_MOSI_PIN
                0x20001cb4        0x4 lib/Config/libConfig.a(DEV_Config.c.o)
                0x20001cb4                EPD_MOSI_PIN
 .bss.EPD_RST_PIN
                0x20001cb8        0x4 lib/Config/libConfig.a(DEV_Config.c.o)
                0x20001cb8                EPD_RST_PIN
 .bss.Paint     0x20001cbc       0x18 lib/GUI/libGUI.a(GUI_Paint.c.o)
                0x20001cbc                Paint
 .bss._app_driver
                0x20001cd4        0x4 CMakeFiles/clock.dir/home/thomas/Documents/Structural/pico/pico-sdk/lib/tinyusb/src/device/usbd.c.o
 .bss._cdcd_fifo_cfg
                0x20001cd8        0x1 CMakeFiles/clock.dir/home/thomas/Documents/Structural/pico/pico-sdk/lib/tinyusb/src/class/cdc/cdc_device.c.o
 *fill*         0x20001cd9        0x3 
 .bss._cdcd_itf
                0x20001cdc      0x2c8 CMakeFiles/clock.dir/home/thomas/Documents/Structural/pico/pico-sdk/lib/tinyusb/src/class/cdc/cdc_device.c.o
 .bss._ctrl_xfer
                0x20001fa4       0x14 CMakeFiles/clock.dir/home/thomas/Documents/Structural/pico/pico-sdk/lib/tinyusb/src/device/usbd_control.c.o
 .bss._ubsd_mutexdef
                0x20001fb8        0x8 CMakeFiles/clock.dir/home/thomas/Documents/Structural/pico/pico-sdk/lib/tinyusb/src/device/usbd.c.o
 .bss._usbd_ctrl_buf
                0x20001fc0       0x40 CMakeFiles/clock.dir/home/thomas/Documents/Structural/pico/pico-sdk/lib/tinyusb/src/device/usbd_control.c.o
 .bss._usbd_dev
                0x20002000       0x54 CMakeFiles/clock.dir/home/thomas/Documents/Structural/pico/pico-sdk/lib/tinyusb/src/device/usbd.c.o
 .bss._usbd_mutex
                0x20002054        0x4 CMakeFiles/clock.dir/home/thomas/Documents/Structural/pico/pico-sdk/lib/tinyusb/src/device/usbd.c.o
 .bss._usbd_q   0x20002058        0x4 CMakeFiles/clock.dir/home/thomas/Documents/Structural/pico/pico-sdk/lib/tinyusb/src/device/usbd.c.o
 .bss._usbd_qdef_buf
                0x2000205c       0xc0 CMakeFiles/clock.dir/home/thomas/Documents/Structural/pico/pico-sdk/lib/tinyusb/src/device/usbd.c.o
                0x2000205c                _usbd_qdef_buf
 .bss._vendord_itf
                0x2000211c      0x2cc CMakeFiles/clock.dir/home/thomas/Documents/Structural/pico/pico-sdk/lib/tinyusb/src/class/vendor/vendor_device.c.o
 .bss.boot2_copyout
                0x200023e8      0x100 CMakeFiles/clock.dir/home/thomas/Documents/Structural/pico/pico-sdk/src/rp2_common/hardware_flash/flash.c.o
 .bss.chars_available_callback
                0x200024e8        0x4 CMakeFiles/clock.dir/home/thomas/Documents/Structural/pico/pico-sdk/src/rp2_common/pico_stdio_usb/stdio_usb.c.o
 .bss.chars_available_param
                0x200024ec        0x4 CMakeFiles/clock.dir/home/thomas/Documents/Structural/pico/pico-sdk/src/rp2_common/pico_stdio_usb/stdio_usb.c.o
 .bss.claimed   0x200024f0        0x4 CMakeFiles/clock.dir/home/thomas/Documents/Structural/pico/pico-sdk/src/rp2_common/hardware_sync/sync.c.o
 .bss.claimed   0x200024f4        0x1 CMakeFiles/clock.dir/home/thomas/Documents/Structural/pico/pico-sdk/src/rp2_common/hardware_timer/timer.c.o
 *fill*         0x200024f5        0x3 
 .bss.configured_freq
                0x200024f8       0x28 CMakeFiles/clock.dir/home/thomas/Documents/Structural/pico/pico-sdk/src/rp2_common/hardware_clocks/clocks.c.o
 .bss.desc_str.0
                0x20002520       0x28 CMakeFiles/clock.dir/home/thomas/Documents/Structural/pico/pico-sdk/src/rp2_common/pico_stdio_usb/stdio_usb_descriptors.c.o
 .bss.drivers   0x20002548        0x4 CMakeFiles/clock.dir/home/thomas/Documents/Structural/pico/pico-sdk/src/rp2_common/pico_stdio/stdio.c.o
 .bss.e15_last_sof
                0x2000254c        0x4 CMakeFiles/clock.dir/home/thomas/Documents/Structural/pico/pico-sdk/lib/tinyusb/src/portable/raspberrypi/rp2040/rp2040_usb.c.o
                0x2000254c                e15_last_sof
 .bss.filter    0x20002550        0x4 CMakeFiles/clock.dir/home/thomas/Documents/Structural/pico/pico-sdk/src/rp2_common/pico_stdio/stdio.c.o
 .bss.heap_end.0
                0x20002554        0x4 CMakeFiles/clock.dir/home/thomas/Documents/Structural/pico/pico-sdk/src/rp2_common/pico_clib_interface/newlib_interface.c.o
 .bss.hw_endpoints
                0x20002558      0x400 CMakeFiles/clock.dir/home/thomas/Documents/Structural/pico/pico-sdk/lib/tinyusb/src/portable/raspberrypi/rp2040/dcd_rp2040.c.o
 .bss.lazy_vsnprintf
                0x20002958        0x4 CMakeFiles/clock.dir/home/thomas/Documents/Structural/pico/pico-sdk/src/rp2_common/pico_printf/printf.c.o
 .bss.load_value
                0x2000295c        0x4 CMakeFiles/clock.dir/home/thomas/Documents/Structural/pico/pico-sdk/src/rp2_common/hardware_watchdog/watchdog.c.o
 .bss.next_buffer_ptr
                0x20002960        0x4 CMakeFiles/clock.dir/home/thomas/Documents/Structural/pico/pico-sdk/lib/tinyusb/src/portable/raspberrypi/rp2040/dcd_rp2040.c.o
 .bss.one_shot_timer_crit_sec
                0x20002964        0x8 CMakeFiles/clock.dir/home/thomas/Documents/Structural/pico/pico-sdk/src/rp2_common/pico_stdio_usb/stdio_usb.c.o
 .bss.pools     0x2000296c       0x10 CMakeFiles/clock.dir/home/thomas/Documents/Structural/pico/pico-sdk/src/common/pico_time/time.c.o
 .bss.retrieved_id
                0x2000297c        0x8 CMakeFiles/clock.dir/home/thomas/Documents/Structural/pico/pico-sdk/src/rp2_common/pico_unique_id/unique_id.c.o
 .bss.sf_clz_func
                0x20002984        0x4 CMakeFiles/clock.dir/home/thomas/Documents/Structural/pico/pico-sdk/src/rp2_common/pico_double/double_init_rom_rp2040.c.o
                0x20002984                sf_clz_func
 .bss.sleep_notifier
                0x20002988        0x4 CMakeFiles/clock.dir/home/thomas/Documents/Structural/pico/pico-sdk/src/common/pico_time/time.c.o
 .bss.stdio_usb_mutex
                0x2000298c        0x8 CMakeFiles/clock.dir/home/thomas/Documents/Structural/pico/pico-sdk/src/rp2_common/pico_stdio_usb/stdio_usb.c.o
 .bss.usbd_serial_str
                0x20002994       0x11 CMakeFiles/clock.dir/home/thomas/Documents/Structural/pico/pico-sdk/src/rp2_common/pico_stdio_usb/stdio_usb_descriptors.c.o
 .bss._app_driver_count
                0x200029a5        0x1 CMakeFiles/clock.dir/home/thomas/Documents/Structural/pico/pico-sdk/lib/tinyusb/src/device/usbd.c.o
 .bss._sof_enable
                0x200029a6        0x1 CMakeFiles/clock.dir/home/thomas/Documents/Structural/pico/pico-sdk/lib/tinyusb/src/portable/raspberrypi/rp2040/dcd_rp2040.c.o
 .bss._usbd_queued_setup
                0x200029a7        0x1 CMakeFiles/clock.dir/home/thomas/Documents/Structural/pico/pico-sdk/lib/tinyusb/src/device/usbd.c.o
 .bss.boot2_copyout_valid
                0x200029a8        0x1 CMakeFiles/clock.dir/home/thomas/Documents/Structural/pico/pico-sdk/src/rp2_common/hardware_flash/flash.c.o
 .bss.irq_handler_chain_free_slot_head
                0x200029a9        0x1 CMakeFiles/clock.dir/home/thomas/Documents/Structural/pico/pico-sdk/src/rp2_common/hardware_irq/irq.c.o
 .bss.itf_num   0x200029aa        0x1 CMakeFiles/clock.dir/home/thomas/Documents/Structural/pico/pico-sdk/src/rp2_common/pico_stdio_usb/reset_interface.c.o
 .bss.low_priority_irq_num
                0x200029ab        0x1 CMakeFiles/clock.dir/home/thomas/Documents/Structural/pico/pico-sdk/src/rp2_common/pico_stdio_usb/stdio_usb.c.o
 .bss.one_shot_timer_pending
                0x200029ac        0x1 CMakeFiles/clock.dir/home/thomas/Documents/Structural/pico/pico-sdk/src/rp2_common/pico_stdio_usb/stdio_usb.c.o
 .bss.user_irq_claimed
                0x200029ad        0x1 CMakeFiles/clock.dir/home/thomas/Documents/Structural/pico/pico-sdk/src/rp2_common/hardware_irq/irq.c.o
 *(COMMON)
                0x200029b0                        . = ALIGN (0x4)
 *fill*         0x200029ae        0x2 
                0x200029b0                        __bss_end__ = .

.heap           0x200029b0      0x800 load address 0x1000a750
                0x200029b0                        __end__ = .
                0x200029b0                        end = __end__
 *(.heap*)
 .heap          0x200029b0      0x800 CMakeFiles/clock.dir/home/thomas/Documents/Structural/pico/pico-sdk/src/rp2_common/pico_crt0/crt0.S.o
                0x20040000                        __HeapLimit = (ORIGIN (RAM) + LENGTH (RAM))

.scratch_x      0x20040000        0x0 load address 0x1000a750
                0x20040000                        __scratch_x_start__ = .
 *(.scratch_x.*)
                0x20040000                        . = ALIGN (0x4)
                0x20040000                        __scratch_x_end__ = .
                0x1000a750                        __scratch_x_source__ = LOADADDR (.scratch_x)

.scratch_y      0x20041000        0x0 load address 0x1000a750
                0x20041000                        __scratch_y_start__ = .
 *(.scratch_y.*)
                0x20041000                        . = ALIGN (0x4)
                0x20041000                        __scratch_y_end__ = .
                0x1000a750                        __scratch_y_source__ = LOADADDR (.scratch_y)

.stack1_dummy
 *(.stack1*)

.stack_dummy    0x20041000      0x800
 *(.stack*)
 .stack         0x20041000      0x800 CMakeFiles/clock.dir/home/thomas/Documents/Structural/pico/pico-sdk/src/rp2_common/pico_crt0/crt0.S.o

.flash_end      0x1000a750        0x0
 *(.embedded_end_block*)
                0x1000a750                        PROVIDE (__flash_binary_end = .)
                0x20040000                        __StackLimit = (ORIGIN (RAM) + LENGTH (RAM))
                0x20041000                        __StackOneTop = (ORIGIN (SCRATCH_X) + LENGTH (SCRATCH_X))
                0x20042000                        __StackTop = (ORIGIN (SCRATCH_Y) + LENGTH (SCRATCH_Y))
                0x20041000                        __StackOneBottom = (__StackOneTop - SIZEOF (.stack1_dummy))
                0x20041800                        __StackBottom = (__StackTop - SIZEOF (.stack_dummy))
                0x20042000                        PROVIDE (__stack = __StackTop)
                [!provide]                        PROVIDE (__heap_start = __end__)
                [!provide]                        PROVIDE (__heap_end = __HeapLimit)
                [!provide]                        PROVIDE (__tls_align = MAX (ALIGNOF (.tdata), ALIGNOF (.tbss)))
                [!provide]                        PROVIDE (__tls_size_align = (((__tls_size + __tls_align) - 0x1) & ~ ((__tls_align - 0x1))))
                [!provide]                        PROVIDE (__arm32_tls_tcb_offset = MAX (0x8, __tls_align))
                [!provide]                        PROVIDE (_end = __end__)
                [!provide]                        PROVIDE (__llvm_libc_heap_limit = __HeapLimit)
                0x00000001                        ASSERT ((__StackLimit >= __HeapLimit), region RAM overflowed)
                0x00000001                        ASSERT (((__binary_info_header_end - __logical_binary_start) <= 0x100), Binary info must be in first 256 bytes of the binary)
LOAD CMakeFiles/clock.dir/main.c.o
LOAD CMakeFiles/clock.dir/home/thomas/Documents/Structural/pico/pico-sdk/src/rp2_common/pico_stdlib/stdlib.c.o
LOAD CMakeFiles/clock.dir/home/thomas/Documents/Structural/pico/pico-sdk/src/rp2_common/hardware_gpio/gpio.c.o
LOAD CMakeFiles/clock.dir/home/thomas/Documents/Structural/pico/pico-sdk/src/rp2040/pico_platform/platform.c.o
LOAD CMakeFiles/clock.dir/home/thomas/Documents/Structural/pico/pico-sdk/src/rp2_common/pico_platform_panic/panic.c.o
LOAD CMakeFiles/clock.dir/home/thomas/Documents/Structural/pico/pico-sdk/src/common/hardware_claim/claim.c.o
LOAD CMakeFiles/clock.dir/home/thomas/Documents/Structural/pico/pico-sdk/src/rp2_common/hardware_sync/sync.c.o
LOAD CMakeFiles/clock.dir/home/thomas/Documents/Structural/pico/pico-sdk/src/rp2_common/hardware_sync_spin_lock/sync_spin_lock.c.o
LOAD CMakeFiles/clock.dir/home/thomas/Documents/Structural/pico/pico-sdk/src/rp2_common/hardware_irq/irq.c.o
LOAD CMakeFiles/clock.dir/home/thomas/Documents/Structural/pico/pico-sdk/src/rp2_common/hardware_irq/irq_handler_chain.S.o
LOAD CMakeFiles/clock.dir/home/thomas/Documents/Structural/pico/pico-sdk/src/common/pico_sync/sem.c.o
LOAD CMakeFiles/clock.dir/home/thomas/Documents/Structural/pico/pico-sdk/src/common/pico_sync/lock_core.c.o
LOAD CMakeFiles/clock.dir/home/thomas/Documents/Structural/pico/pico-sdk/src/common/pico_sync/mutex.c.o
LOAD CMakeFiles/clock.dir/home/thomas/Documents/Structural/pico/pico-sdk/src/common/pico_sync/critical_section.c.o
LOAD CMakeFiles/clock.dir/home/thomas/Documents/Structural/pico/pico-sdk/src/common/pico_time/time.c.o
LOAD CMakeFiles/clock.dir/home/thomas/Documents/Structural/pico/pico-sdk/src/common/pico_time/timeout_helper.c.o
LOAD CMakeFiles/clock.dir/home/thomas/Documents/Structural/pico/pico-sdk/src/rp2_common/hardware_timer/timer.c.o
LOAD CMakeFiles/clock.dir/home/thomas/Documents/Structural/pico/pico-sdk/src/common/pico_util/datetime.c.o
LOAD CMakeFiles/clock.dir/home/thomas/Documents/Structural/pico/pico-sdk/src/common/pico_util/pheap.c.o
LOAD CMakeFiles/clock.dir/home/thomas/Documents/Structural/pico/pico-sdk/src/common/pico_util/queue.c.o
LOAD CMakeFiles/clock.dir/home/thomas/Documents/Structural/pico/pico-sdk/src/rp2_common/hardware_uart/uart.c.o
LOAD CMakeFiles/clock.dir/home/thomas/Documents/Structural/pico/pico-sdk/src/rp2_common/hardware_clocks/clocks.c.o
LOAD CMakeFiles/clock.dir/home/thomas/Documents/Structural/pico/pico-sdk/src/rp2_common/hardware_pll/pll.c.o
LOAD CMakeFiles/clock.dir/home/thomas/Documents/Structural/pico/pico-sdk/src/rp2_common/hardware_vreg/vreg.c.o
LOAD CMakeFiles/clock.dir/home/thomas/Documents/Structural/pico/pico-sdk/src/rp2_common/hardware_watchdog/watchdog.c.o
LOAD CMakeFiles/clock.dir/home/thomas/Documents/Structural/pico/pico-sdk/src/rp2_common/hardware_ticks/ticks.c.o
LOAD CMakeFiles/clock.dir/home/thomas/Documents/Structural/pico/pico-sdk/src/rp2_common/pico_bootrom/bootrom.c.o
LOAD CMakeFiles/clock.dir/home/thomas/Documents/Structural/pico/pico-sdk/src/rp2_common/pico_bootrom/bootrom_lock.c.o
LOAD CMakeFiles/clock.dir/home/thomas/Documents/Structural/pico/pico-sdk/src/rp2_common/hardware_boot_lock/boot_lock.c.o
LOAD CMakeFiles/clock.dir/home/thomas/Documents/Structural/pico/pico-sdk/src/rp2_common/pico_flash/flash.c.o
LOAD CMakeFiles/clock.dir/home/thomas/Documents/Structural/pico/pico-sdk/src/rp2_common/hardware_xosc/xosc.c.o
LOAD CMakeFiles/clock.dir/home/thomas/Documents/Structural/pico/pico-sdk/src/rp2_common/hardware_divider/divider.S.o
LOAD CMakeFiles/clock.dir/home/thomas/Documents/Structural/pico/pico-sdk/src/rp2_common/pico_runtime/runtime.c.o
LOAD CMakeFiles/clock.dir/home/thomas/Documents/Structural/pico/pico-sdk/src/rp2_common/pico_runtime_init/runtime_init.c.o
LOAD CMakeFiles/clock.dir/home/thomas/Documents/Structural/pico/pico-sdk/src/rp2_common/pico_runtime_init/runtime_init_clocks.c.o
LOAD CMakeFiles/clock.dir/home/thomas/Documents/Structural/pico/pico-sdk/src/rp2_common/pico_runtime_init/runtime_init_stack_guard.c.o
LOAD CMakeFiles/clock.dir/home/thomas/Documents/Structural/pico/pico-sdk/src/rp2_common/pico_bit_ops/bit_ops_aeabi.S.o
LOAD CMakeFiles/clock.dir/home/thomas/Documents/Structural/pico/pico-sdk/src/rp2_common/pico_divider/divider_hardware.S.o
LOAD CMakeFiles/clock.dir/home/thomas/Documents/Structural/pico/pico-sdk/src/rp2_common/pico_double/double_aeabi_rp2040.S.o
LOAD CMakeFiles/clock.dir/home/thomas/Documents/Structural/pico/pico-sdk/src/rp2_common/pico_double/double_init_rom_rp2040.c.o
LOAD CMakeFiles/clock.dir/home/thomas/Documents/Structural/pico/pico-sdk/src/rp2_common/pico_double/double_math.c.o